../Core/Src/max30100.c:13:6:MAX30100_WriteReg	32	static
../Core/Src/max30100.c:24:9:MAX30100_ReadReg	40	static
../Core/Src/max30100.c:37:6:Init_MAX30100	8	static
../Core/Src/max30100.c:64:8:Check_MAX	16	static
../Core/Src/max30100.c:72:7:read_tempMAX	16	static
../Core/Src/max30100.c:84:10:Read_MAX30100	16	static
../Core/Src/max30100.c:97:12:dcRemoval	48	static
../Core/Src/max30100.c:106:7:MeanDiff	24	static
../Core/Src/max30100.c:133:7:LowPassButterWorthFilter	24	static
../Core/Src/max30100.c:154:6:detectPulse	32	static
../Core/Src/max30100.c:247:6:balanceIntesities	16	static
