Archive member included to satisfy reference by file (symbol)

C:/ST/STM32CubeIDE_1.14.0/STM32CubeIDE/plugins/com.st.stm32cube.ide.mcu.externaltools.gnu-tools-for-stm32.11.3.rel1.win32_1.1.100.202309141235/tools/bin/../lib/gcc/arm-none-eabi/11.3.1/../../../../arm-none-eabi/lib/thumb/v7e-m+fp/hard\libc_nano.a(libc_a-exit.o)
                              C:/ST/STM32CubeIDE_1.14.0/STM32CubeIDE/plugins/com.st.stm32cube.ide.mcu.externaltools.gnu-tools-for-stm32.11.3.rel1.win32_1.1.100.202309141235/tools/bin/../lib/gcc/arm-none-eabi/11.3.1/../../../../arm-none-eabi/lib/thumb/v7e-m+fp/hard/crt0.o (exit)
C:/ST/STM32CubeIDE_1.14.0/STM32CubeIDE/plugins/com.st.stm32cube.ide.mcu.externaltools.gnu-tools-for-stm32.11.3.rel1.win32_1.1.100.202309141235/tools/bin/../lib/gcc/arm-none-eabi/11.3.1/../../../../arm-none-eabi/lib/thumb/v7e-m+fp/hard\libc_nano.a(libc_a-nano-vfprintf_float.o)
                              (_printf_float)
C:/ST/STM32CubeIDE_1.14.0/STM32CubeIDE/plugins/com.st.stm32cube.ide.mcu.externaltools.gnu-tools-for-stm32.11.3.rel1.win32_1.1.100.202309141235/tools/bin/../lib/gcc/arm-none-eabi/11.3.1/../../../../arm-none-eabi/lib/thumb/v7e-m+fp/hard\libc_nano.a(libc_a-nano-vfprintf_i.o)
                              C:/ST/STM32CubeIDE_1.14.0/STM32CubeIDE/plugins/com.st.stm32cube.ide.mcu.externaltools.gnu-tools-for-stm32.11.3.rel1.win32_1.1.100.202309141235/tools/bin/../lib/gcc/arm-none-eabi/11.3.1/../../../../arm-none-eabi/lib/thumb/v7e-m+fp/hard\libc_nano.a(libc_a-nano-vfprintf_float.o) (_printf_common)
C:/ST/STM32CubeIDE_1.14.0/STM32CubeIDE/plugins/com.st.stm32cube.ide.mcu.externaltools.gnu-tools-for-stm32.11.3.rel1.win32_1.1.100.202309141235/tools/bin/../lib/gcc/arm-none-eabi/11.3.1/../../../../arm-none-eabi/lib/thumb/v7e-m+fp/hard\libc_nano.a(libc_a-findfp.o)
                              ./Middlewares/Third_Party/FreeRTOS/Source/tasks.o (__sf)
C:/ST/STM32CubeIDE_1.14.0/STM32CubeIDE/plugins/com.st.stm32cube.ide.mcu.externaltools.gnu-tools-for-stm32.11.3.rel1.win32_1.1.100.202309141235/tools/bin/../lib/gcc/arm-none-eabi/11.3.1/../../../../arm-none-eabi/lib/thumb/v7e-m+fp/hard\libc_nano.a(libc_a-fwalk.o)
                              C:/ST/STM32CubeIDE_1.14.0/STM32CubeIDE/plugins/com.st.stm32cube.ide.mcu.externaltools.gnu-tools-for-stm32.11.3.rel1.win32_1.1.100.202309141235/tools/bin/../lib/gcc/arm-none-eabi/11.3.1/../../../../arm-none-eabi/lib/thumb/v7e-m+fp/hard\libc_nano.a(libc_a-findfp.o) (_fwalk_sglue)
C:/ST/STM32CubeIDE_1.14.0/STM32CubeIDE/plugins/com.st.stm32cube.ide.mcu.externaltools.gnu-tools-for-stm32.11.3.rel1.win32_1.1.100.202309141235/tools/bin/../lib/gcc/arm-none-eabi/11.3.1/../../../../arm-none-eabi/lib/thumb/v7e-m+fp/hard\libc_nano.a(libc_a-snprintf.o)
                              ./Drivers/dev_usb/src/usb_driver.o (snprintf)
C:/ST/STM32CubeIDE_1.14.0/STM32CubeIDE/plugins/com.st.stm32cube.ide.mcu.externaltools.gnu-tools-for-stm32.11.3.rel1.win32_1.1.100.202309141235/tools/bin/../lib/gcc/arm-none-eabi/11.3.1/../../../../arm-none-eabi/lib/thumb/v7e-m+fp/hard\libc_nano.a(libc_a-stdio.o)
                              C:/ST/STM32CubeIDE_1.14.0/STM32CubeIDE/plugins/com.st.stm32cube.ide.mcu.externaltools.gnu-tools-for-stm32.11.3.rel1.win32_1.1.100.202309141235/tools/bin/../lib/gcc/arm-none-eabi/11.3.1/../../../../arm-none-eabi/lib/thumb/v7e-m+fp/hard\libc_nano.a(libc_a-findfp.o) (__sread)
C:/ST/STM32CubeIDE_1.14.0/STM32CubeIDE/plugins/com.st.stm32cube.ide.mcu.externaltools.gnu-tools-for-stm32.11.3.rel1.win32_1.1.100.202309141235/tools/bin/../lib/gcc/arm-none-eabi/11.3.1/../../../../arm-none-eabi/lib/thumb/v7e-m+fp/hard\libc_nano.a(libc_a-memset.o)
                              C:/ST/STM32CubeIDE_1.14.0/STM32CubeIDE/plugins/com.st.stm32cube.ide.mcu.externaltools.gnu-tools-for-stm32.11.3.rel1.win32_1.1.100.202309141235/tools/bin/../lib/gcc/arm-none-eabi/11.3.1/../../../../arm-none-eabi/lib/thumb/v7e-m+fp/hard/crt0.o (memset)
C:/ST/STM32CubeIDE_1.14.0/STM32CubeIDE/plugins/com.st.stm32cube.ide.mcu.externaltools.gnu-tools-for-stm32.11.3.rel1.win32_1.1.100.202309141235/tools/bin/../lib/gcc/arm-none-eabi/11.3.1/../../../../arm-none-eabi/lib/thumb/v7e-m+fp/hard\libc_nano.a(libc_a-localeconv.o)
                              C:/ST/STM32CubeIDE_1.14.0/STM32CubeIDE/plugins/com.st.stm32cube.ide.mcu.externaltools.gnu-tools-for-stm32.11.3.rel1.win32_1.1.100.202309141235/tools/bin/../lib/gcc/arm-none-eabi/11.3.1/../../../../arm-none-eabi/lib/thumb/v7e-m+fp/hard\libc_nano.a(libc_a-nano-vfprintf_float.o) (_localeconv_r)
C:/ST/STM32CubeIDE_1.14.0/STM32CubeIDE/plugins/com.st.stm32cube.ide.mcu.externaltools.gnu-tools-for-stm32.11.3.rel1.win32_1.1.100.202309141235/tools/bin/../lib/gcc/arm-none-eabi/11.3.1/../../../../arm-none-eabi/lib/thumb/v7e-m+fp/hard\libc_nano.a(libc_a-closer.o)
[...]
Memory Configuration

Name             Origin             Length             Attributes
CCMRAM           0x0000000010000000 0x0000000000010000 xrw
RAM              0x0000000020000000 0x0000000000020000 xrw
FLASH            0x0000000008000000 0x0000000000100000 xr
*default*        0x0000000000000000 0xffffffffffffffff

Linker script and memory map

LOAD C:/ST/STM32CubeIDE_1.14.0/STM32CubeIDE/plugins/com.st.stm32cube.ide.mcu.externaltools.gnu-tools-for-stm32.11.3.rel1.win32_1.1.100.202309141235/tools/bin/../lib/gcc/arm-none-eabi/11.3.1/thumb/v7e-m+fp/hard/crti.o
LOAD C:/ST/STM32CubeIDE_1.14.0/STM32CubeIDE/plugins/com.st.stm32cube.ide.mcu.externaltools.gnu-tools-for-stm32.11.3.rel1.win32_1.1.100.202309141235/tools/bin/../lib/gcc/arm-none-eabi/11.3.1/thumb/v7e-m+fp/hard/crtbegin.o
LOAD C:/ST/STM32CubeIDE_1.14.0/STM32CubeIDE/plugins/com.st.stm32cube.ide.mcu.externaltools.gnu-tools-for-stm32.11.3.rel1.win32_1.1.100.202309141235/tools/bin/../lib/gcc/arm-none-eabi/11.3.1/../../../../arm-none-eabi/lib/thumb/v7e-m+fp/hard/crt0.o
LOAD ./Core/Src/freertos.o
LOAD ./Core/Src/main.o
LOAD ./Core/Src/stm32f4xx_hal_msp.o
LOAD ./Core/Src/stm32f4xx_hal_timebase_tim.o
LOAD ./Core/Src/stm32f4xx_it.o
LOAD ./Core/Src/syscalls.o
LOAD ./Core/Src/sysmem.o
LOAD ./Core/Src/system_stm32f4xx.o
LOAD ./Core/Startup/startup_stm32f407vgtx.o
LOAD ./Drivers/STM32F4xx_HAL_Driver/Src/stm32f4xx_hal.o
LOAD ./Drivers/STM32F4xx_HAL_Driver/Src/stm32f4xx_hal_cortex.o
LOAD ./Drivers/STM32F4xx_HAL_Driver/Src/stm32f4xx_hal_dma.o
LOAD ./Drivers/STM32F4xx_HAL_Driver/Src/stm32f4xx_hal_dma_ex.o
LOAD ./Drivers/STM32F4xx_HAL_Driver/Src/stm32f4xx_hal_exti.o
LOAD ./Drivers/STM32F4xx_HAL_Driver/Src/stm32f4xx_hal_flash.o
LOAD ./Drivers/STM32F4xx_HAL_Driver/Src/stm32f4xx_hal_flash_ex.o
LOAD ./Drivers/STM32F4xx_HAL_Driver/Src/stm32f4xx_hal_flash_ramfunc.o
LOAD ./Drivers/STM32F4xx_HAL_Driver/Src/stm32f4xx_hal_gpio.o
LOAD ./Drivers/STM32F4xx_HAL_Driver/Src/stm32f4xx_hal_i2c.o
LOAD ./Drivers/STM32F4xx_HAL_Driver/Src/stm32f4xx_hal_i2c_ex.o
LOAD ./Drivers/STM32F4xx_HAL_Driver/Src/stm32f4xx_hal_pcd.o
LOAD ./Drivers/STM32F4xx_HAL_Driver/Src/stm32f4xx_hal_pcd_ex.o
LOAD ./Drivers/STM32F4xx_HAL_Driver/Src/stm32f4xx_hal_pwr.o
LOAD ./Drivers/STM32F4xx_HAL_Driver/Src/stm32f4xx_hal_pwr_ex.o
LOAD ./Drivers/STM32F4xx_HAL_Driver/Src/stm32f4xx_hal_rcc.o
LOAD ./Drivers/STM32F4xx_HAL_Driver/Src/stm32f4xx_hal_rcc_ex.o
LOAD ./Drivers/STM32F4xx_HAL_Driver/Src/stm32f4xx_hal_tim.o
LOAD ./Drivers/STM32F4xx_HAL_Driver/Src/stm32f4xx_hal_tim_ex.o
LOAD ./Drivers/STM32F4xx_HAL_Driver/Src/stm32f4xx_ll_usb.o
LOAD ./Drivers/dev_max30100/src/max30100.o
LOAD ./Drivers/dev_max30100/src/max30_filter.o
LOAD ./Drivers/dev_max30100/src/max_task.o
LOAD ./Drivers/dev_usb/src/usb_driver.o
LOAD ./Drivers/dev_usb/src/usb_task.o
LOAD ./Middlewares/ST/STM32_USB_Device_Library/Class/CDC/Src/usbd_cdc.o
LOAD ./Middlewares/ST/STM32_USB_Device_Library/Core/Src/usbd_core.o
LOAD ./Middlewares/ST/STM32_USB_Device_Library/Core/Src/usbd_ctlreq.o
LOAD ./Middlewares/ST/STM32_USB_Device_Library/Core/Src/usbd_ioreq.o
LOAD ./Middlewares/Third_Party/FreeRTOS/Source/CMSIS_RTOS/cmsis_os.o
LOAD ./Middlewares/Third_Party/FreeRTOS/Source/croutine.o
LOAD ./Middlewares/Third_Party/FreeRTOS/Source/event_groups.o
LOAD ./Middlewares/Third_Party/FreeRTOS/Source/list.o
LOAD ./Middlewares/Third_Party/FreeRTOS/Source/queue.o
LOAD ./Middlewares/Third_Party/FreeRTOS/Source/stream_buffer.o
LOAD ./Middlewares/Third_Party/FreeRTOS/Source/tasks.o
LOAD ./Middlewares/Third_Party/FreeRTOS/Source/timers.o
LOAD ./Middlewares/Third_Party/FreeRTOS/Source/portable/GCC/ARM_CM4F/port.o
LOAD ./Middlewares/Third_Party/FreeRTOS/Source/portable/MemMang/heap_4.o
LOAD ./USB_DEVICE/App/usb_device.o
LOAD ./USB_DEVICE/App/usbd_cdc_if.o
LOAD ./USB_DEVICE/App/usbd_desc.o
LOAD ./USB_DEVICE/Target/usbd_conf.o
START GROUP
LOAD C:/ST/STM32CubeIDE_1.14.0/STM32CubeIDE/plugins/com.st.stm32cube.ide.mcu.externaltools.gnu-tools-for-stm32.11.3.rel1.win32_1.1.100.202309141235/tools/bin/../lib/gcc/arm-none-eabi/11.3.1/../../../../arm-none-eabi/lib/thumb/v7e-m+fp/hard\libc_nano.a
LOAD C:/ST/STM32CubeIDE_1.14.0/STM32CubeIDE/plugins/com.st.stm32cube.ide.mcu.externaltools.gnu-tools-for-stm32.11.3.rel1.win32_1.1.100.202309141235/tools/bin/../lib/gcc/arm-none-eabi/11.3.1/../../../../arm-none-eabi/lib/thumb/v7e-m+fp/hard\libm.a
END GROUP
START GROUP
LOAD C:/ST/STM32CubeIDE_1.14.0/STM32CubeIDE/plugins/com.st.stm32cube.ide.mcu.externaltools.gnu-tools-for-stm32.11.3.rel1.win32_1.1.100.202309141235/tools/bin/../lib/gcc/arm-none-eabi/11.3.1/thumb/v7e-m+fp/hard\libgcc.a
LOAD C:/ST/STM32CubeIDE_1.14.0/STM32CubeIDE/plugins/com.st.stm32cube.ide.mcu.externaltools.gnu-tools-for-stm32.11.3.rel1.win32_1.1.100.202309141235/tools/bin/../lib/gcc/arm-none-eabi/11.3.1/../../../../arm-none-eabi/lib/thumb/v7e-m+fp/hard\libc_nano.a
END GROUP
START GROUP
LOAD C:/ST/STM32CubeIDE_1.14.0/STM32CubeIDE/plugins/com.st.stm32cube.ide.mcu.externaltools.gnu-tools-for-stm32.11.3.rel1.win32_1.1.100.202309141235/tools/bin/../lib/gcc/arm-none-eabi/11.3.1/thumb/v7e-m+fp/hard\libgcc.a
LOAD C:/ST/STM32CubeIDE_1.14.0/STM32CubeIDE/plugins/com.st.stm32cube.ide.mcu.externaltools.gnu-tools-for-stm32.11.3.rel1.win32_1.1.100.202309141235/tools/bin/../lib/gcc/arm-none-eabi/11.3.1/../../../../arm-none-eabi/lib/thumb/v7e-m+fp/hard\libc_nano.a
LOAD C:/ST/STM32CubeIDE_1.14.0/STM32CubeIDE/plugins/com.st.stm32cube.ide.mcu.externaltools.gnu-tools-for-stm32.11.3.rel1.win32_1.1.100.202309141235/tools/bin/../lib/gcc/arm-none-eabi/11.3.1/../../../../arm-none-eabi/lib/thumb/v7e-m+fp/hard\libnosys.a
END GROUP
START GROUP
LOAD C:/ST/STM32CubeIDE_1.14.0/STM32CubeIDE/plugins/com.st.stm32cube.ide.mcu.externaltools.gnu-tools-for-stm32.11.3.rel1.win32_1.1.100.202309141235/tools/bin/../lib/gcc/arm-none-eabi/11.3.1/thumb/v7e-m+fp/hard\libgcc.a
LOAD C:/ST/STM32CubeIDE_1.14.0/STM32CubeIDE/plugins/com.st.stm32cube.ide.mcu.externaltools.gnu-tools-for-stm32.11.3.rel1.win32_1.1.100.202309141235/tools/bin/../lib/gcc/arm-none-eabi/11.3.1/../../../../arm-none-eabi/lib/thumb/v7e-m+fp/hard\libc_nano.a
LOAD C:/ST/STM32CubeIDE_1.14.0/STM32CubeIDE/plugins/com.st.stm32cube.ide.mcu.externaltools.gnu-tools-for-stm32.11.3.rel1.win32_1.1.100.202309141235/tools/bin/../lib/gcc/arm-none-eabi/11.3.1/../../../../arm-none-eabi/lib/thumb/v7e-m+fp/hard\libnosys.a
END GROUP
LOAD C:/ST/STM32CubeIDE_1.14.0/STM32CubeIDE/plugins/com.st.stm32cube.ide.mcu.externaltools.gnu-tools-for-stm32.11.3.rel1.win32_1.1.100.202309141235/tools/bin/../lib/gcc/arm-none-eabi/11.3.1/thumb/v7e-m+fp/hard/crtend.o
LOAD C:/ST/STM32CubeIDE_1.14.0/STM32CubeIDE/plugins/com.st.stm32cube.ide.mcu.externaltools.gnu-tools-for-stm32.11.3.rel1.win32_1.1.100.202309141235/tools/bin/../lib/gcc/arm-none-eabi/11.3.1/thumb/v7e-m+fp/hard/crtn.o
                0x0000000020020000                _estack = (ORIGIN (RAM) + LENGTH (RAM))
                0x0000000000000200                _Min_Heap_Size = 0x200
                0x0000000000000400                _Min_Stack_Size = 0x400

.isr_vector     0x0000000008000000      0x188
                0x0000000008000000                . = ALIGN (0x4)
 *(.isr_vector)
 .isr_vector    0x0000000008000000      0x188 ./Core/Startup/startup_stm32f407vgtx.o
                0x0000000008000000                g_pfnVectors
                0x0000000008000188                . = ALIGN (0x4)

.text           0x0000000008000190     0xf478
                0x0000000008000190                . = ALIGN (0x4)
 *(.text)
 .text          0x0000000008000190       0x40 C:/ST/STM32CubeIDE_1.14.0/STM32CubeIDE/plugins/com.st.stm32cube.ide.mcu.externaltools.gnu-tools-for-stm32.11.3.rel1.win32_1.1.100.202309141235/tools/bin/../lib/gcc/arm-none-eabi/11.3.1/thumb/v7e-m+fp/hard/crtbegin.o
 .text          0x00000000080001d0       0xa0 C:/ST/STM32CubeIDE_1.14.0/STM32CubeIDE/plugins/com.st.stm32cube.ide.mcu.externaltools.gnu-tools-for-stm32.11.3.rel1.win32_1.1.100.202309141235/tools/bin/../lib/gcc/arm-none-eabi/11.3.1/../../../../arm-none-eabi/lib/thumb/v7e-m+fp/hard\libc_nano.a(libc_a-memchr.o)
                0x00000000080001d0                memchr
 .text          0x0000000008000270       0x10 C:/ST/STM32CubeIDE_1.14.0/STM32CubeIDE/plugins/com.st.stm32cube.ide.mcu.externaltools.gnu-tools-for-stm32.11.3.rel1.win32_1.1.100.202309141235/tools/bin/../lib/gcc/arm-none-eabi/11.3.1/../../../../arm-none-eabi/lib/thumb/v7e-m+fp/hard\libc_nano.a(libc_a-strlen.o)
                0x0000000008000270                strlen
 .text          0x0000000008000280      0x378 C:/ST/STM32CubeIDE_1.14.0/STM32CubeIDE/plugins/com.st.stm32cube.ide.mcu.externaltools.gnu-tools-for-stm32.11.3.rel1.win32_1.1.100.202309141235/tools/bin/../lib/gcc/arm-none-eabi/11.3.1/thumb/v7e-m+fp/hard\libgcc.a(_arm_addsubdf3.o)
                0x0000000008000280                __aeabi_drsub
                0x0000000008000288                __aeabi_dsub
                0x0000000008000288                __subdf3
                0x000000000800028c                __aeabi_dadd
                0x000000000800028c                __adddf3
                0x0000000008000504                __floatunsidf
                0x0000000008000504                __aeabi_ui2d
                0x0000000008000524                __floatsidf
                0x0000000008000524                __aeabi_i2d
                0x0000000008000548                __aeabi_f2d
                0x0000000008000548                __extendsfdf2
                0x000000000800058c                __floatundidf
                0x000000000800058c                __aeabi_ul2d
                0x000000000800059c                __floatdidf
                0x000000000800059c                __aeabi_l2d
 .text          0x00000000080005f8      0x424 C:/ST/STM32CubeIDE_1.14.0/STM32CubeIDE/plugins/com.st.stm32cube.ide.mcu.externaltools.gnu-tools-for-stm32.11.3.rel1.win32_1.1.100.202309141235/tools/bin/../lib/gcc/arm-none-eabi/11.3.1/thumb/v7e-m+fp/hard\libgcc.a(_arm_muldivdf3.o)
                0x00000000080005f8                __aeabi_dmul
                0x00000000080005f8                __muldf3
                0x000000000800084c                __divdf3
                0x000000000800084c                __aeabi_ddiv
 .text          0x0000000008000a1c      0x110 C:/ST/STM32CubeIDE_1.14.0/STM32CubeIDE/plugins/com.st.stm32cube.ide.mcu.externaltools.gnu-tools-for-stm32.11.3.rel1.win32_1.1.100.202309141235/tools/bin/../lib/gcc/arm-none-eabi/11.3.1/thumb/v7e-m+fp/hard\libgcc.a(_arm_cmpdf2.o)
                0x0000000008000a1c                __gtdf2
                0x0000000008000a1c                __gedf2
                0x0000000008000a24                __ltdf2
                0x0000000008000a24                __ledf2
                0x0000000008000a2c                __nedf2
                0x0000000008000a2c                __eqdf2
                0x0000000008000a2c                __cmpdf2
                0x0000000008000aa8                __aeabi_cdrcmple
                0x0000000008000ab8                __aeabi_cdcmpeq
                0x0000000008000ab8                __aeabi_cdcmple
                0x0000000008000ac8                __aeabi_dcmpeq
                0x0000000008000adc                __aeabi_dcmplt
                0x0000000008000af0                __aeabi_dcmple
                0x0000000008000b04                __aeabi_dcmpge
                0x0000000008000b18                __aeabi_dcmpgt
 .text          0x0000000008000b2c       0x2c C:/ST/STM32CubeIDE_1.14.0/STM32CubeIDE/plugins/com.st.stm32cube.ide.mcu.externaltools.gnu-tools-for-stm32.11.3.rel1.win32_1.1.100.202309141235/tools/bin/../lib/gcc/arm-none-eabi/11.3.1/thumb/v7e-m+fp/hard\libgcc.a(_arm_unorddf2.o)
                0x0000000008000b2c                __unorddf2
                0x0000000008000b2c                __aeabi_dcmpun
 .text          0x0000000008000b58       0x50 C:/ST/STM32CubeIDE_1.14.0/STM32CubeIDE/plugins/com.st.stm32cube.ide.mcu.externaltools.gnu-tools-for-stm32.11.3.rel1.win32_1.1.100.202309141235/tools/bin/../lib/gcc/arm-none-eabi/11.3.1/thumb/v7e-m+fp/hard\libgcc.a(_arm_fixdfsi.o)
                0x0000000008000b58                __aeabi_d2iz
                0x0000000008000b58                __fixdfsi
 .text          0x0000000008000ba8       0x30 C:/ST/STM32CubeIDE_1.14.0/STM32CubeIDE/plugins/com.st.stm32cube.ide.mcu.externaltools.gnu-tools-for-stm32.11.3.rel1.win32_1.1.100.202309141235/tools/bin/../lib/gcc/arm-none-eabi/11.3.1/thumb/v7e-m+fp/hard\libgcc.a(_aeabi_uldivmod.o)
                0x0000000008000ba8                __aeabi_uldivmod
 .text          0x0000000008000bd8      0x2c8 C:/ST/STM32CubeIDE_1.14.0/STM32CubeIDE/plugins/com.st.stm32cube.ide.mcu.externaltools.gnu-tools-for-stm32.11.3.rel1.win32_1.1.100.202309141235/tools/bin/../lib/gcc/arm-none-eabi/11.3.1/thumb/v7e-m+fp/hard\libgcc.a(_udivmoddi4.o)
                0x0000000008000bd8                __udivmoddi4
 .text          0x0000000008000ea0        0x4 C:/ST/STM32CubeIDE_1.14.0/STM32CubeIDE/plugins/com.st.stm32cube.ide.mcu.externaltools.gnu-tools-for-stm32.11.3.rel1.win32_1.1.100.202309141235/tools/bin/../lib/gcc/arm-none-eabi/11.3.1/thumb/v7e-m+fp/hard\libgcc.a(_dvmd_tls.o)
                0x0000000008000ea0                __aeabi_idiv0
                0x0000000008000ea0                __aeabi_ldiv0
 *(.text*)
 .text.vApplicationGetIdleTaskMemory
                0x0000000008000ea4       0x34 ./Core/Src/freertos.o
                0x0000000008000ea4                vApplicationGetIdleTaskMemory
 .text.main     0x0000000008000ed8       0xb4 ./Core/Src/main.o
                0x0000000008000ed8                main
 .text.SystemClock_Config
                0x0000000008000f8c       0xd0 ./Core/Src/main.o
                0x0000000008000f8c                SystemClock_Config
 .text.MX_I2C1_Init
                0x000000000800105c       0x5c ./Core/Src/main.o
 .text.MX_GPIO_Init
                0x00000000080010b8       0x6c ./Core/Src/main.o
 .text.HAL_TIM_PeriodElapsedCallback
                0x0000000008001124       0x24 ./Core/Src/main.o
                0x0000000008001124                HAL_TIM_PeriodElapsedCallback
 .text.Error_Handler
                0x0000000008001148        0xa ./Core/Src/main.o
                0x0000000008001148                Error_Handler
 *fill*         0x0000000008001152        0x2 
 .text.HAL_MspInit
                0x0000000008001154       0x58 ./Core/Src/stm32f4xx_hal_msp.o
                0x0000000008001154                HAL_MspInit
 .text.HAL_I2C_MspInit
                0x00000000080011ac       0x90 ./Core/Src/stm32f4xx_hal_msp.o
                0x00000000080011ac                HAL_I2C_MspInit
 .text.HAL_InitTick
                0x000000000800123c       0xf8 ./Core/Src/stm32f4xx_hal_timebase_tim.o
                0x000000000800123c                HAL_InitTick
 .text.NMI_Handler
                0x0000000008001334        0x6 ./Core/Src/stm32f4xx_it.o
                0x0000000008001334                NMI_Handler
 .text.HardFault_Handler
                0x000000000800133a        0x6 ./Core/Src/stm32f4xx_it.o
                0x000000000800133a                HardFault_Handler
 .text.MemManage_Handler
                0x0000000008001340        0x6 ./Core/Src/stm32f4xx_it.o
                0x0000000008001340                MemManage_Handler
 .text.BusFault_Handler
                0x0000000008001346        0x6 ./Core/Src/stm32f4xx_it.o
                0x0000000008001346                BusFault_Handler
 .text.UsageFault_Handler
                0x000000000800134c        0x6 ./Core/Src/stm32f4xx_it.o
                0x000000000800134c                UsageFault_Handler
 .text.DebugMon_Handler
                0x0000000008001352        0xe ./Core/Src/stm32f4xx_it.o
                0x0000000008001352                DebugMon_Handler
 .text.TIM6_DAC_IRQHandler
                0x0000000008001360       0x14 ./Core/Src/stm32f4xx_it.o
                0x0000000008001360                TIM6_DAC_IRQHandler
 .text.OTG_FS_IRQHandler
                0x0000000008001374       0x14 ./Core/Src/stm32f4xx_it.o
                0x0000000008001374                OTG_FS_IRQHandler
 .text._getpid  0x0000000008001388       0x10 ./Core/Src/syscalls.o
                0x0000000008001388                _getpid
 .text._kill    0x0000000008001398       0x20 ./Core/Src/syscalls.o
                0x0000000008001398                _kill
 .text._exit    0x00000000080013b8       0x14 ./Core/Src/syscalls.o
                0x00000000080013b8                _exit
 .text._read    0x00000000080013cc       0x3a ./Core/Src/syscalls.o
                0x00000000080013cc                _read
 .text._write   0x0000000008001406       0x38 ./Core/Src/syscalls.o
                0x0000000008001406                _write
 .text._close   0x000000000800143e       0x18 ./Core/Src/syscalls.o
                0x000000000800143e                _close
 .text._fstat   0x0000000008001456       0x20 ./Core/Src/syscalls.o
                0x0000000008001456                _fstat
 .text._isatty  0x0000000008001476       0x16 ./Core/Src/syscalls.o
                0x0000000008001476                _isatty
 .text._lseek   0x000000000800148c       0x1a ./Core/Src/syscalls.o
                0x000000000800148c                _lseek
 *fill*         0x00000000080014a6        0x2 
 .text._sbrk    0x00000000080014a8       0x6c ./Core/Src/sysmem.o
                0x00000000080014a8                _sbrk
 .text.SystemInit
                0x0000000008001514       0x24 ./Core/Src/system_stm32f4xx.o
                0x0000000008001514                SystemInit
 .text.Reset_Handler
                0x0000000008001538       0x50 ./Core/Startup/startup_stm32f407vgtx.o
                0x0000000008001538                Reset_Handler
 .text.Default_Handler
                0x0000000008001588        0x2 ./Core/Startup/startup_stm32f407vgtx.o
                0x0000000008001588                RTC_Alarm_IRQHandler
                0x0000000008001588                HASH_RNG_IRQHandler
                0x0000000008001588                EXTI2_IRQHandler
                0x0000000008001588                TIM8_CC_IRQHandler
                0x0000000008001588                TIM1_CC_IRQHandler
                0x0000000008001588                DMA2_Stream5_IRQHandler
                0x0000000008001588                DMA1_Stream5_IRQHandler
                0x0000000008001588                PVD_IRQHandler
                0x0000000008001588                SDIO_IRQHandler
                0x0000000008001588                TAMP_STAMP_IRQHandler
                0x0000000008001588                CAN2_RX1_IRQHandler
                0x0000000008001588                EXTI3_IRQHandler
                0x0000000008001588                TIM8_TRG_COM_TIM14_IRQHandler
                0x0000000008001588                TIM1_UP_TIM10_IRQHandler
                0x0000000008001588                TIM8_UP_TIM13_IRQHandler
                0x0000000008001588                I2C3_ER_IRQHandler
                0x0000000008001588                EXTI0_IRQHandler
                0x0000000008001588                I2C2_EV_IRQHandler
                0x0000000008001588                DMA1_Stream2_IRQHandler
                0x0000000008001588                CAN1_RX0_IRQHandler
                0x0000000008001588                FPU_IRQHandler
                0x0000000008001588                OTG_HS_WKUP_IRQHandler
                0x0000000008001588                CAN2_SCE_IRQHandler
                0x0000000008001588                DMA2_Stream2_IRQHandler
                0x0000000008001588                SPI1_IRQHandler
                0x0000000008001588                TIM1_BRK_TIM9_IRQHandler
                0x0000000008001588                DCMI_IRQHandler
                0x0000000008001588                CAN2_RX0_IRQHandler
                0x0000000008001588                DMA2_Stream3_IRQHandler
                0x0000000008001588                USART6_IRQHandler
                0x0000000008001588                USART3_IRQHandler
                0x0000000008001588                CAN1_RX1_IRQHandler
                0x0000000008001588                UART5_IRQHandler
                0x0000000008001588                DMA2_Stream0_IRQHandler
                0x0000000008001588                TIM4_IRQHandler
                0x0000000008001588                I2C1_EV_IRQHandler
                0x0000000008001588                DMA1_Stream6_IRQHandler
                0x0000000008001588                DMA1_Stream1_IRQHandler
                0x0000000008001588                UART4_IRQHandler
                0x0000000008001588                TIM3_IRQHandler
                0x0000000008001588                RCC_IRQHandler
                0x0000000008001588                TIM8_BRK_TIM12_IRQHandler
                0x0000000008001588                Default_Handler
                0x0000000008001588                EXTI15_10_IRQHandler
                0x0000000008001588                ADC_IRQHandler
                0x0000000008001588                DMA1_Stream7_IRQHandler
                0x0000000008001588                TIM7_IRQHandler
                0x0000000008001588                CAN2_TX_IRQHandler
                0x0000000008001588                TIM5_IRQHandler
                0x0000000008001588                DMA2_Stream7_IRQHandler
                0x0000000008001588                I2C3_EV_IRQHandler
                0x0000000008001588                EXTI9_5_IRQHandler
                0x0000000008001588                RTC_WKUP_IRQHandler
                0x0000000008001588                ETH_WKUP_IRQHandler
                0x0000000008001588                SPI2_IRQHandler
                0x0000000008001588                OTG_HS_EP1_IN_IRQHandler
                0x0000000008001588                DMA1_Stream0_IRQHandler
                0x0000000008001588                CAN1_TX_IRQHandler
                0x0000000008001588                EXTI4_IRQHandler
                0x0000000008001588                FSMC_IRQHandler
                0x0000000008001588                ETH_IRQHandler
                0x0000000008001588                OTG_HS_EP1_OUT_IRQHandler
                0x0000000008001588                WWDG_IRQHandler
                0x0000000008001588                TIM2_IRQHandler
                0x0000000008001588                OTG_FS_WKUP_IRQHandler
                0x0000000008001588                TIM1_TRG_COM_TIM11_IRQHandler
                0x0000000008001588                OTG_HS_IRQHandler
                0x0000000008001588                EXTI1_IRQHandler
                0x0000000008001588                USART2_IRQHandler
                0x0000000008001588                I2C2_ER_IRQHandler
                0x0000000008001588                DMA2_Stream1_IRQHandler
                0x0000000008001588                CAN1_SCE_IRQHandler
                0x0000000008001588                FLASH_IRQHandler
                0x0000000008001588                DMA2_Stream4_IRQHandler
                0x0000000008001588                USART1_IRQHandler
                0x0000000008001588                SPI3_IRQHandler
                0x0000000008001588                DMA1_Stream4_IRQHandler
                0x0000000008001588                I2C1_ER_IRQHandler
                0x0000000008001588                DMA2_Stream6_IRQHandler
                0x0000000008001588                DMA1_Stream3_IRQHandler
 *fill*         0x000000000800158a        0x2 
 .text.HAL_Init
                0x000000000800158c       0x44 ./Drivers/STM32F4xx_HAL_Driver/Src/stm32f4xx_hal.o
                0x000000000800158c                HAL_Init
 .text.HAL_IncTick
                0x00000000080015d0       0x28 ./Drivers/STM32F4xx_HAL_Driver/Src/stm32f4xx_hal.o
                0x00000000080015d0                HAL_IncTick
 .text.HAL_GetTick
                0x00000000080015f8       0x18 ./Drivers/STM32F4xx_HAL_Driver/Src/stm32f4xx_hal.o
                0x00000000080015f8                HAL_GetTick
 .text.HAL_Delay
                0x0000000008001610       0x48 ./Drivers/STM32F4xx_HAL_Driver/Src/stm32f4xx_hal.o
                0x0000000008001610                HAL_Delay
 .text.__NVIC_SetPriorityGrouping
                0x0000000008001658       0x48 ./Drivers/STM32F4xx_HAL_Driver/Src/stm32f4xx_hal_cortex.o
 .text.__NVIC_GetPriorityGrouping
                0x00000000080016a0       0x1c ./Drivers/STM32F4xx_HAL_Driver/Src/stm32f4xx_hal_cortex.o
 .text.__NVIC_EnableIRQ
                0x00000000080016bc       0x3c ./Drivers/STM32F4xx_HAL_Driver/Src/stm32f4xx_hal_cortex.o
 .text.__NVIC_SetPriority
                0x00000000080016f8       0x54 ./Drivers/STM32F4xx_HAL_Driver/Src/stm32f4xx_hal_cortex.o
 .text.NVIC_EncodePriority
                0x000000000800174c       0x66 ./Drivers/STM32F4xx_HAL_Driver/Src/stm32f4xx_hal_cortex.o
 .text.HAL_NVIC_SetPriorityGrouping
                0x00000000080017b2       0x16 ./Drivers/STM32F4xx_HAL_Driver/Src/stm32f4xx_hal_cortex.o
                0x00000000080017b2                HAL_NVIC_SetPriorityGrouping
 .text.HAL_NVIC_SetPriority
                0x00000000080017c8       0x38 ./Drivers/STM32F4xx_HAL_Driver/Src/stm32f4xx_hal_cortex.o
                0x00000000080017c8                HAL_NVIC_SetPriority
 .text.HAL_NVIC_EnableIRQ
                0x0000000008001800       0x1c ./Drivers/STM32F4xx_HAL_Driver/Src/stm32f4xx_hal_cortex.o
                0x0000000008001800                HAL_NVIC_EnableIRQ
 .text.HAL_GPIO_Init
                0x000000000800181c      0x338 ./Drivers/STM32F4xx_HAL_Driver/Src/stm32f4xx_hal_gpio.o
                0x000000000800181c                HAL_GPIO_Init
 .text.HAL_I2C_Init
                0x0000000008001b54      0x288 ./Drivers/STM32F4xx_HAL_Driver/Src/stm32f4xx_hal_i2c.o
                0x0000000008001b54                HAL_I2C_Init
 .text.HAL_I2C_Mem_Write
                0x0000000008001ddc      0x1f4 ./Drivers/STM32F4xx_HAL_Driver/Src/stm32f4xx_hal_i2c.o
                0x0000000008001ddc                HAL_I2C_Mem_Write
 .text.HAL_I2C_Mem_Read
                0x0000000008001fd0      0x464 ./Drivers/STM32F4xx_HAL_Driver/Src/stm32f4xx_hal_i2c.o
                0x0000000008001fd0                HAL_I2C_Mem_Read
 .text.I2C_RequestMemoryWrite
                0x0000000008002434      0x12c ./Drivers/STM32F4xx_HAL_Driver/Src/stm32f4xx_hal_i2c.o
 .text.I2C_RequestMemoryRead
                0x0000000008002560      0x1d0 ./Drivers/STM32F4xx_HAL_Driver/Src/stm32f4xx_hal_i2c.o
 .text.I2C_WaitOnFlagUntilTimeout
                0x0000000008002730       0xf4 ./Drivers/STM32F4xx_HAL_Driver/Src/stm32f4xx_hal_i2c.o
 .text.I2C_WaitOnMasterAddressFlagUntilTimeout
                0x0000000008002824      0x140 ./Drivers/STM32F4xx_HAL_Driver/Src/stm32f4xx_hal_i2c.o
 .text.I2C_WaitOnTXEFlagUntilTimeout
                0x0000000008002964       0x90 ./Drivers/STM32F4xx_HAL_Driver/Src/stm32f4xx_hal_i2c.o
 .text.I2C_WaitOnBTFFlagUntilTimeout
                0x00000000080029f4       0x90 ./Drivers/STM32F4xx_HAL_Driver/Src/stm32f4xx_hal_i2c.o
 .text.I2C_WaitOnRXNEFlagUntilTimeout
                0x0000000008002a84       0xba ./Drivers/STM32F4xx_HAL_Driver/Src/stm32f4xx_hal_i2c.o
 .text.I2C_IsAcknowledgeFailed
                0x0000000008002b3e       0x5e ./Drivers/STM32F4xx_HAL_Driver/Src/stm32f4xx_hal_i2c.o
 .text.HAL_PCD_Init
                0x0000000008002b9c      0x21e ./Drivers/STM32F4xx_HAL_Driver/Src/stm32f4xx_hal_pcd.o
                0x0000000008002b9c                HAL_PCD_Init
 .text.HAL_PCD_Start
                0x0000000008002dba       0x6a ./Drivers/STM32F4xx_HAL_Driver/Src/stm32f4xx_hal_pcd.o
                0x0000000008002dba                HAL_PCD_Start
 .text.HAL_PCD_IRQHandler
                0x0000000008002e24      0x942 ./Drivers/STM32F4xx_HAL_Driver/Src/stm32f4xx_hal_pcd.o
                0x0000000008002e24                HAL_PCD_IRQHandler
 .text.HAL_PCD_SetAddress
                0x0000000008003766       0x48 ./Drivers/STM32F4xx_HAL_Driver/Src/stm32f4xx_hal_pcd.o
                0x0000000008003766                HAL_PCD_SetAddress
 .text.HAL_PCD_EP_Open
                0x00000000080037ae       0xd4 ./Drivers/STM32F4xx_HAL_Driver/Src/stm32f4xx_hal_pcd.o
                0x00000000080037ae                HAL_PCD_EP_Open
 .text.HAL_PCD_EP_Close
                0x0000000008003882       0x94 ./Drivers/STM32F4xx_HAL_Driver/Src/stm32f4xx_hal_pcd.o
                0x0000000008003882                HAL_PCD_EP_Close
 .text.HAL_PCD_EP_Receive
                0x0000000008003916       0x76 ./Drivers/STM32F4xx_HAL_Driver/Src/stm32f4xx_hal_pcd.o
                0x0000000008003916                HAL_PCD_EP_Receive
 .text.HAL_PCD_EP_GetRxCount
                0x000000000800398c       0x30 ./Drivers/STM32F4xx_HAL_Driver/Src/stm32f4xx_hal_pcd.o
                0x000000000800398c                HAL_PCD_EP_GetRxCount
 .text.HAL_PCD_EP_Transmit
                0x00000000080039bc       0x74 ./Drivers/STM32F4xx_HAL_Driver/Src/stm32f4xx_hal_pcd.o
                0x00000000080039bc                HAL_PCD_EP_Transmit
 .text.HAL_PCD_EP_SetStall
                0x0000000008003a30       0xc6 ./Drivers/STM32F4xx_HAL_Driver/Src/stm32f4xx_hal_pcd.o
                0x0000000008003a30                HAL_PCD_EP_SetStall
 .text.HAL_PCD_EP_ClrStall
                0x0000000008003af6       0xac ./Drivers/STM32F4xx_HAL_Driver/Src/stm32f4xx_hal_pcd.o
                0x0000000008003af6                HAL_PCD_EP_ClrStall
 .text.HAL_PCD_EP_Abort
                0x0000000008003ba2       0x62 ./Drivers/STM32F4xx_HAL_Driver/Src/stm32f4xx_hal_pcd.o
                0x0000000008003ba2                HAL_PCD_EP_Abort
 .text.PCD_WriteEmptyTxFifo
                0x0000000008003c04      0x118 ./Drivers/STM32F4xx_HAL_Driver/Src/stm32f4xx_hal_pcd.o
 .text.PCD_EP_OutXfrComplete_int
                0x0000000008003d1c      0x1d0 ./Drivers/STM32F4xx_HAL_Driver/Src/stm32f4xx_hal_pcd.o
 .text.PCD_EP_OutSetupPacket_int
                0x0000000008003eec       0x8c ./Drivers/STM32F4xx_HAL_Driver/Src/stm32f4xx_hal_pcd.o
 .text.HAL_PCDEx_SetTxFiFo
                0x0000000008003f78       0x8e ./Drivers/STM32F4xx_HAL_Driver/Src/stm32f4xx_hal_pcd_ex.o
                0x0000000008003f78                HAL_PCDEx_SetTxFiFo
 .text.HAL_PCDEx_SetRxFiFo
                0x0000000008004006       0x22 ./Drivers/STM32F4xx_HAL_Driver/Src/stm32f4xx_hal_pcd_ex.o
                0x0000000008004006                HAL_PCDEx_SetRxFiFo
 .text.HAL_PCDEx_LPM_Callback
                0x0000000008004028       0x18 ./Drivers/STM32F4xx_HAL_Driver/Src/stm32f4xx_hal_pcd_ex.o
                0x0000000008004028                HAL_PCDEx_LPM_Callback
 .text.HAL_RCC_OscConfig
                0x0000000008004040      0x4f0 ./Drivers/STM32F4xx_HAL_Driver/Src/stm32f4xx_hal_rcc.o
                0x0000000008004040                HAL_RCC_OscConfig
 .text.HAL_RCC_ClockConfig
                0x0000000008004530      0x1cc ./Drivers/STM32F4xx_HAL_Driver/Src/stm32f4xx_hal_rcc.o
                0x0000000008004530                HAL_RCC_ClockConfig
 .text.HAL_RCC_GetSysClockFreq
                0x00000000080046fc      0x20c ./Drivers/STM32F4xx_HAL_Driver/Src/stm32f4xx_hal_rcc.o
                0x00000000080046fc                HAL_RCC_GetSysClockFreq
 .text.HAL_RCC_GetHCLKFreq
                0x0000000008004908       0x18 ./Drivers/STM32F4xx_HAL_Driver/Src/stm32f4xx_hal_rcc.o
                0x0000000008004908                HAL_RCC_GetHCLKFreq
 .text.HAL_RCC_GetPCLK1Freq
                0x0000000008004920       0x28 ./Drivers/STM32F4xx_HAL_Driver/Src/stm32f4xx_hal_rcc.o
                0x0000000008004920                HAL_RCC_GetPCLK1Freq
 .text.HAL_RCC_GetClockConfig
                0x0000000008004948       0x64 ./Drivers/STM32F4xx_HAL_Driver/Src/stm32f4xx_hal_rcc.o
                0x0000000008004948                HAL_RCC_GetClockConfig
 .text.HAL_TIM_Base_Init
                0x00000000080049ac       0x9e ./Drivers/STM32F4xx_HAL_Driver/Src/stm32f4xx_hal_tim.o
                0x00000000080049ac                HAL_TIM_Base_Init
 .text.HAL_TIM_Base_MspInit
                0x0000000008004a4a       0x14 ./Drivers/STM32F4xx_HAL_Driver/Src/stm32f4xx_hal_tim.o
                0x0000000008004a4a                HAL_TIM_Base_MspInit
 *fill*         0x0000000008004a5e        0x2 
 .text.HAL_TIM_Base_Start_IT
                0x0000000008004a60       0xe0 ./Drivers/STM32F4xx_HAL_Driver/Src/stm32f4xx_hal_tim.o
                0x0000000008004a60                HAL_TIM_Base_Start_IT
 .text.HAL_TIM_IRQHandler
                0x0000000008004b40      0x1e0 ./Drivers/STM32F4xx_HAL_Driver/Src/stm32f4xx_hal_tim.o
                0x0000000008004b40                HAL_TIM_IRQHandler
 .text.HAL_TIM_OC_DelayElapsedCallback
                0x0000000008004d20       0x14 ./Drivers/STM32F4xx_HAL_Driver/Src/stm32f4xx_hal_tim.o
                0x0000000008004d20                HAL_TIM_OC_DelayElapsedCallback
 .text.HAL_TIM_IC_CaptureCallback
                0x0000000008004d34       0x14 ./Drivers/STM32F4xx_HAL_Driver/Src/stm32f4xx_hal_tim.o
                0x0000000008004d34                HAL_TIM_IC_CaptureCallback
 .text.HAL_TIM_PWM_PulseFinishedCallback
                0x0000000008004d48       0x14 ./Drivers/STM32F4xx_HAL_Driver/Src/stm32f4xx_hal_tim.o
                0x0000000008004d48                HAL_TIM_PWM_PulseFinishedCallback
 .text.HAL_TIM_TriggerCallback
                0x0000000008004d5c       0x14 ./Drivers/STM32F4xx_HAL_Driver/Src/stm32f4xx_hal_tim.o
                0x0000000008004d5c                HAL_TIM_TriggerCallback
 .text.TIM_Base_SetConfig
                0x0000000008004d70      0x14c ./Drivers/STM32F4xx_HAL_Driver/Src/stm32f4xx_hal_tim.o
                0x0000000008004d70                TIM_Base_SetConfig
 .text.HAL_TIMEx_CommutCallback
                0x0000000008004ebc       0x14 ./Drivers/STM32F4xx_HAL_Driver/Src/stm32f4xx_hal_tim_ex.o
                0x0000000008004ebc                HAL_TIMEx_CommutCallback
 .text.HAL_TIMEx_BreakCallback
                0x0000000008004ed0       0x14 ./Drivers/STM32F4xx_HAL_Driver/Src/stm32f4xx_hal_tim_ex.o
                0x0000000008004ed0                HAL_TIMEx_BreakCallback
 .text.USB_CoreInit
                0x0000000008004ee4       0xc8 ./Drivers/STM32F4xx_HAL_Driver/Src/stm32f4xx_ll_usb.o
                0x0000000008004ee4                USB_CoreInit
 .text.USB_SetTurnaroundTime
                0x0000000008004fac      0x144 ./Drivers/STM32F4xx_HAL_Driver/Src/stm32f4xx_ll_usb.o
                0x0000000008004fac                USB_SetTurnaroundTime
 .text.USB_EnableGlobalInt
                0x00000000080050f0       0x22 ./Drivers/STM32F4xx_HAL_Driver/Src/stm32f4xx_ll_usb.o
                0x00000000080050f0                USB_EnableGlobalInt
 .text.USB_DisableGlobalInt
                0x0000000008005112       0x22 ./Drivers/STM32F4xx_HAL_Driver/Src/stm32f4xx_ll_usb.o
                0x0000000008005112                USB_DisableGlobalInt
 .text.USB_SetCurrentMode
                0x0000000008005134       0x98 ./Drivers/STM32F4xx_HAL_Driver/Src/stm32f4xx_ll_usb.o
                0x0000000008005134                USB_SetCurrentMode
 .text.USB_DevInit
                0x00000000080051cc      0x2c8 ./Drivers/STM32F4xx_HAL_Driver/Src/stm32f4xx_ll_usb.o
                0x00000000080051cc                USB_DevInit
 .text.USB_FlushTxFifo
                0x0000000008005494       0x64 ./Drivers/STM32F4xx_HAL_Driver/Src/stm32f4xx_ll_usb.o
                0x0000000008005494                USB_FlushTxFifo
 .text.USB_FlushRxFifo
                0x00000000080054f8       0x5c ./Drivers/STM32F4xx_HAL_Driver/Src/stm32f4xx_ll_usb.o
                0x00000000080054f8                USB_FlushRxFifo
 .text.USB_SetDevSpeed
                0x0000000008005554       0x32 ./Drivers/STM32F4xx_HAL_Driver/Src/stm32f4xx_ll_usb.o
                0x0000000008005554                USB_SetDevSpeed
 .text.USB_GetDevSpeed
                0x0000000008005586       0x4a ./Drivers/STM32F4xx_HAL_Driver/Src/stm32f4xx_ll_usb.o
                0x0000000008005586                USB_GetDevSpeed
 .text.USB_ActivateEndpoint
                0x00000000080055d0      0x10e ./Drivers/STM32F4xx_HAL_Driver/Src/stm32f4xx_ll_usb.o
                0x00000000080055d0                USB_ActivateEndpoint
 *fill*         0x00000000080056de        0x2 
 .text.USB_DeactivateEndpoint
                0x00000000080056e0      0x1b8 ./Drivers/STM32F4xx_HAL_Driver/Src/stm32f4xx_ll_usb.o
                0x00000000080056e0                USB_DeactivateEndpoint
 .text.USB_EPStartXfer
                0x0000000008005898      0x53c ./Drivers/STM32F4xx_HAL_Driver/Src/stm32f4xx_ll_usb.o
                0x0000000008005898                USB_EPStartXfer
 .text.USB_EPStopXfer
                0x0000000008005dd4      0x154 ./Drivers/STM32F4xx_HAL_Driver/Src/stm32f4xx_ll_usb.o
                0x0000000008005dd4                USB_EPStopXfer
 .text.USB_WritePacket
                0x0000000008005f28       0x7c ./Drivers/STM32F4xx_HAL_Driver/Src/stm32f4xx_ll_usb.o
                0x0000000008005f28                USB_WritePacket
 .text.USB_ReadPacket
                0x0000000008005fa4       0xb0 ./Drivers/STM32F4xx_HAL_Driver/Src/stm32f4xx_ll_usb.o
                0x0000000008005fa4                USB_ReadPacket
 .text.USB_EPSetStall
                0x0000000008006054       0xdc ./Drivers/STM32F4xx_HAL_Driver/Src/stm32f4xx_ll_usb.o
                0x0000000008006054                USB_EPSetStall
 .text.USB_EPClearStall
                0x0000000008006130       0xcc ./Drivers/STM32F4xx_HAL_Driver/Src/stm32f4xx_ll_usb.o
                0x0000000008006130                USB_EPClearStall
 .text.USB_SetDevAddress
                0x00000000080061fc       0x4c ./Drivers/STM32F4xx_HAL_Driver/Src/stm32f4xx_ll_usb.o
                0x00000000080061fc                USB_SetDevAddress
 .text.USB_DevConnect
                0x0000000008006248       0x42 ./Drivers/STM32F4xx_HAL_Driver/Src/stm32f4xx_ll_usb.o
                0x0000000008006248                USB_DevConnect
 .text.USB_DevDisconnect
                0x000000000800628a       0x42 ./Drivers/STM32F4xx_HAL_Driver/Src/stm32f4xx_ll_usb.o
                0x000000000800628a                USB_DevDisconnect
 .text.USB_ReadInterrupts
                0x00000000080062cc       0x26 ./Drivers/STM32F4xx_HAL_Driver/Src/stm32f4xx_ll_usb.o
                0x00000000080062cc                USB_ReadInterrupts
 .text.USB_ReadDevAllOutEpInterrupt
                0x00000000080062f2       0x34 ./Drivers/STM32F4xx_HAL_Driver/Src/stm32f4xx_ll_usb.o
                0x00000000080062f2                USB_ReadDevAllOutEpInterrupt
 .text.USB_ReadDevAllInEpInterrupt
                0x0000000008006326       0x34 ./Drivers/STM32F4xx_HAL_Driver/Src/stm32f4xx_ll_usb.o
                0x0000000008006326                USB_ReadDevAllInEpInterrupt
 .text.USB_ReadDevOutEPInterrupt
                0x000000000800635a       0x3c ./Drivers/STM32F4xx_HAL_Driver/Src/stm32f4xx_ll_usb.o
                0x000000000800635a                USB_ReadDevOutEPInterrupt
 .text.USB_ReadDevInEPInterrupt
                0x0000000008006396       0x5c ./Drivers/STM32F4xx_HAL_Driver/Src/stm32f4xx_ll_usb.o
                0x0000000008006396                USB_ReadDevInEPInterrupt
 .text.USB_GetMode
                0x00000000080063f2       0x1c ./Drivers/STM32F4xx_HAL_Driver/Src/stm32f4xx_ll_usb.o
                0x00000000080063f2                USB_GetMode
 .text.USB_ActivateSetup
                0x000000000800640e       0x46 ./Drivers/STM32F4xx_HAL_Driver/Src/stm32f4xx_ll_usb.o
                0x000000000800640e                USB_ActivateSetup
 .text.USB_EP0_OutStart
                0x0000000008006454       0xbc ./Drivers/STM32F4xx_HAL_Driver/Src/stm32f4xx_ll_usb.o
                0x0000000008006454                USB_EP0_OutStart
 .text.USB_CoreReset
                0x0000000008006510       0x70 ./Drivers/STM32F4xx_HAL_Driver/Src/stm32f4xx_ll_usb.o
 .text.hal_to_max_error
                0x0000000008006580       0x22 ./Drivers/dev_max30100/src/max30100.o
 *fill*         0x00000000080065a2        0x2 
 .text.sample_rate_to_hz
                0x00000000080065a4       0x90 ./Drivers/dev_max30100/src/max30100.o
 .text.write_reg
                0x0000000008006634       0x40 ./Drivers/dev_max30100/src/max30100.o
 .text.Init_MAX30100
                0x0000000008006674      0x15c ./Drivers/dev_max30100/src/max30100.o
                0x0000000008006674                Init_MAX30100
 .text.Check_MAX30100
                0x00000000080067d0       0x64 ./Drivers/dev_max30100/src/max30100.o
                0x00000000080067d0                Check_MAX30100
 .text.Read_MAX_Ir_Red
                0x0000000008006834       0x6c ./Drivers/dev_max30100/src/max30100.o
                0x0000000008006834                Read_MAX_Ir_Red
 .text.MAX30100_ReadFiltered
                0x00000000080068a0       0x78 ./Drivers/dev_max30100/src/max30100.o
                0x00000000080068a0                MAX30100_ReadFiltered
 .text.clampf_local
                0x0000000008006918       0x52 ./Drivers/dev_max30100/src/max30_filter.o
 *fill*         0x000000000800696a        0x2 
 .text.one_pole_alpha
                0x000000000800696c       0x84 ./Drivers/dev_max30100/src/max30_filter.o
 .text.lpf_apply
                0x00000000080069f0       0x4a ./Drivers/dev_max30100/src/max30_filter.o
 *fill*         0x0000000008006a3a        0x2 
 .text.bpm_push
                0x0000000008006a3c       0xe4 ./Drivers/dev_max30100/src/max30_filter.o
 .text.Max30Filter_Init
                0x0000000008006b20       0xcc ./Drivers/dev_max30100/src/max30_filter.o
                0x0000000008006b20                Max30Filter_Init
 .text.Max30Filter_Process
                0x0000000008006bec      0x45c ./Drivers/dev_max30100/src/max30_filter.o
                0x0000000008006bec                Max30Filter_Process
 .text.balanceIntesities
                0x0000000008007048       0xd4 ./Drivers/dev_max30100/src/max30_filter.o
                0x0000000008007048                balanceIntesities
 .text.StartMaxTask
                0x000000000800711c       0x70 ./Drivers/dev_max30100/src/max_task.o
                0x000000000800711c                StartMaxTask
 .text.UsbDriver_Init
                0x000000000800718c       0x2c ./Drivers/dev_usb/src/usb_driver.o
                0x000000000800718c                UsbDriver_Init
 .text.UsbDriver_PublishMax30100
                0x00000000080071b8       0x84 ./Drivers/dev_usb/src/usb_driver.o
                0x00000000080071b8                UsbDriver_PublishMax30100
 .text.UsbDriver_WaitAndCopyMax30100
                0x000000000800723c       0xa4 ./Drivers/dev_usb/src/usb_driver.o
                0x000000000800723c                UsbDriver_WaitAndCopyMax30100
 .text.UsbDriver_SendMax30100Packet
                0x00000000080072e0       0xec ./Drivers/dev_usb/src/usb_driver.o
                0x00000000080072e0                UsbDriver_SendMax30100Packet
 .text.StartUsbTask
                0x00000000080073cc       0x3a ./Drivers/dev_usb/src/usb_task.o
                0x00000000080073cc                StartUsbTask
 *fill*         0x0000000008007406        0x2 
 .text.USBD_CDC_Init
                0x0000000008007408      0x1f0 ./Middlewares/ST/STM32_USB_Device_Library/Class/CDC/Src/usbd_cdc.o
 .text.USBD_CDC_DeInit
                0x00000000080075f8      0x104 ./Middlewares/ST/STM32_USB_Device_Library/Class/CDC/Src/usbd_cdc.o
 .text.USBD_CDC_Setup
                0x00000000080076fc      0x1b8 ./Middlewares/ST/STM32_USB_Device_Library/Class/CDC/Src/usbd_cdc.o
 .text.USBD_CDC_DataIn
                0x00000000080078b4       0xfe ./Middlewares/ST/STM32_USB_Device_Library/Class/CDC/Src/usbd_cdc.o
 .text.USBD_CDC_DataOut
                0x00000000080079b2       0x70 ./Middlewares/ST/STM32_USB_Device_Library/Class/CDC/Src/usbd_cdc.o
 .text.USBD_CDC_EP0_RxReady
                0x0000000008007a22       0x76 ./Middlewares/ST/STM32_USB_Device_Library/Class/CDC/Src/usbd_cdc.o
 .text.USBD_CDC_GetFSCfgDesc
                0x0000000008007a98       0x70 ./Middlewares/ST/STM32_USB_Device_Library/Class/CDC/Src/usbd_cdc.o
 .text.USBD_CDC_GetHSCfgDesc
                0x0000000008007b08       0x70 ./Middlewares/ST/STM32_USB_Device_Library/Class/CDC/Src/usbd_cdc.o
 .text.USBD_CDC_GetOtherSpeedCfgDesc
                0x0000000008007b78       0x70 ./Middlewares/ST/STM32_USB_Device_Library/Class/CDC/Src/usbd_cdc.o
 .text.USBD_CDC_GetDeviceQualifierDescriptor
                0x0000000008007be8       0x20 ./Middlewares/ST/STM32_USB_Device_Library/Class/CDC/Src/usbd_cdc.o
                0x0000000008007be8                USBD_CDC_GetDeviceQualifierDescriptor
 .text.USBD_CDC_RegisterInterface
                0x0000000008007c08       0x34 ./Middlewares/ST/STM32_USB_Device_Library/Class/CDC/Src/usbd_cdc.o
                0x0000000008007c08                USBD_CDC_RegisterInterface
 .text.USBD_CDC_SetTxBuffer
                0x0000000008007c3c       0x44 ./Middlewares/ST/STM32_USB_Device_Library/Class/CDC/Src/usbd_cdc.o
                0x0000000008007c3c                USBD_CDC_SetTxBuffer
 .text.USBD_CDC_SetRxBuffer
                0x0000000008007c80       0x3a ./Middlewares/ST/STM32_USB_Device_Library/Class/CDC/Src/usbd_cdc.o
                0x0000000008007c80                USBD_CDC_SetRxBuffer
 *fill*         0x0000000008007cba        0x2 
 .text.USBD_CDC_TransmitPacket
                0x0000000008007cbc       0x80 ./Middlewares/ST/STM32_USB_Device_Library/Class/CDC/Src/usbd_cdc.o
                0x0000000008007cbc                USBD_CDC_TransmitPacket
 .text.USBD_CDC_ReceivePacket
                0x0000000008007d3c       0x6c ./Middlewares/ST/STM32_USB_Device_Library/Class/CDC/Src/usbd_cdc.o
                0x0000000008007d3c                USBD_CDC_ReceivePacket
 .text.USBD_Init
                0x0000000008007da8       0x60 ./Middlewares/ST/STM32_USB_Device_Library/Core/Src/usbd_core.o
                0x0000000008007da8                USBD_Init
 .text.USBD_RegisterClass
                0x0000000008007e08       0x6c ./Middlewares/ST/STM32_USB_Device_Library/Core/Src/usbd_core.o
                0x0000000008007e08                USBD_RegisterClass
 .text.USBD_Start
                0x0000000008007e74       0x18 ./Middlewares/ST/STM32_USB_Device_Library/Core/Src/usbd_core.o
                0x0000000008007e74                USBD_Start
 .text.USBD_RunTestMode
                0x0000000008007e8c       0x16 ./Middlewares/ST/STM32_USB_Device_Library/Core/Src/usbd_core.o
                0x0000000008007e8c                USBD_RunTestMode
 .text.USBD_SetClassConfig
                0x0000000008007ea2       0x38 ./Middlewares/ST/STM32_USB_Device_Library/Core/Src/usbd_core.o
                0x0000000008007ea2                USBD_SetClassConfig
 .text.USBD_ClrClassConfig
                0x0000000008007eda       0x34 ./Middlewares/ST/STM32_USB_Device_Library/Core/Src/usbd_core.o
                0x0000000008007eda                USBD_ClrClassConfig
 .text.USBD_LL_SetupStage
                0x0000000008007f0e       0xaa ./Middlewares/ST/STM32_USB_Device_Library/Core/Src/usbd_core.o
                0x0000000008007f0e                USBD_LL_SetupStage
 .text.USBD_LL_DataOutStage
                0x0000000008007fb8      0x178 ./Middlewares/ST/STM32_USB_Device_Library/Core/Src/usbd_core.o
                0x0000000008007fb8                USBD_LL_DataOutStage
 .text.USBD_LL_DataInStage
                0x0000000008008130      0x176 ./Middlewares/ST/STM32_USB_Device_Library/Core/Src/usbd_core.o
                0x0000000008008130                USBD_LL_DataInStage
 .text.USBD_LL_Reset
                0x00000000080082a6       0xa6 ./Middlewares/ST/STM32_USB_Device_Library/Core/Src/usbd_core.o
                0x00000000080082a6                USBD_LL_Reset
 .text.USBD_LL_SetSpeed
                0x000000000800834c       0x20 ./Middlewares/ST/STM32_USB_Device_Library/Core/Src/usbd_core.o
                0x000000000800834c                USBD_LL_SetSpeed
 .text.USBD_LL_Suspend
                0x000000000800836c       0x38 ./Middlewares/ST/STM32_USB_Device_Library/Core/Src/usbd_core.o
                0x000000000800836c                USBD_LL_Suspend
 .text.USBD_LL_Resume
                0x00000000080083a4       0x30 ./Middlewares/ST/STM32_USB_Device_Library/Core/Src/usbd_core.o
                0x00000000080083a4                USBD_LL_Resume
 .text.USBD_LL_SOF
                0x00000000080083d4       0x40 ./Middlewares/ST/STM32_USB_Device_Library/Core/Src/usbd_core.o
                0x00000000080083d4                USBD_LL_SOF
 .text.USBD_LL_IsoINIncomplete
                0x0000000008008414       0x64 ./Middlewares/ST/STM32_USB_Device_Library/Core/Src/usbd_core.o
                0x0000000008008414                USBD_LL_IsoINIncomplete
 .text.USBD_LL_IsoOUTIncomplete
                0x0000000008008478       0x64 ./Middlewares/ST/STM32_USB_Device_Library/Core/Src/usbd_core.o
                0x0000000008008478                USBD_LL_IsoOUTIncomplete
 .text.USBD_LL_DevConnected
                0x00000000080084dc       0x16 ./Middlewares/ST/STM32_USB_Device_Library/Core/Src/usbd_core.o
                0x00000000080084dc                USBD_LL_DevConnected
 .text.USBD_LL_DevDisconnected
                0x00000000080084f2       0x46 ./Middlewares/ST/STM32_USB_Device_Library/Core/Src/usbd_core.o
                0x00000000080084f2                USBD_LL_DevDisconnected
 .text.USBD_CoreFindIF
                0x0000000008008538       0x1a ./Middlewares/ST/STM32_USB_Device_Library/Core/Src/usbd_core.o
                0x0000000008008538                USBD_CoreFindIF
 .text.USBD_CoreFindEP
                0x0000000008008552       0x1a ./Middlewares/ST/STM32_USB_Device_Library/Core/Src/usbd_core.o
                0x0000000008008552                USBD_CoreFindEP
 .text.USBD_GetEpDesc
                0x000000000800856c       0x74 ./Middlewares/ST/STM32_USB_Device_Library/Core/Src/usbd_core.o
                0x000000000800856c                USBD_GetEpDesc
 .text.USBD_GetNextDesc
                0x00000000080085e0       0x3a ./Middlewares/ST/STM32_USB_Device_Library/Core/Src/usbd_core.o
                0x00000000080085e0                USBD_GetNextDesc
 .text.SWAPBYTE
                0x000000000800861a       0x3c ./Middlewares/ST/STM32_USB_Device_Library/Core/Src/usbd_ctlreq.o
 *fill*         0x0000000008008656        0x2 
 .text.USBD_StdDevReq
                0x0000000008008658       0xe4 ./Middlewares/ST/STM32_USB_Device_Library/Core/Src/usbd_ctlreq.o
                0x0000000008008658                USBD_StdDevReq
 .text.USBD_StdItfReq
                0x000000000800873c       0xd8 ./Middlewares/ST/STM32_USB_Device_Library/Core/Src/usbd_ctlreq.o
                0x000000000800873c                USBD_StdItfReq
 .text.USBD_StdEPReq
                0x0000000008008814      0x33e ./Middlewares/ST/STM32_USB_Device_Library/Core/Src/usbd_ctlreq.o
                0x0000000008008814                USBD_StdEPReq
 *fill*         0x0000000008008b52        0x2 
 .text.USBD_GetDescriptor
                0x0000000008008b54      0x2d4 ./Middlewares/ST/STM32_USB_Device_Library/Core/Src/usbd_ctlreq.o
 .text.USBD_SetAddress
                0x0000000008008e28       0x88 ./Middlewares/ST/STM32_USB_Device_Library/Core/Src/usbd_ctlreq.o
 .text.USBD_SetConfig
                0x0000000008008eb0      0x154 ./Middlewares/ST/STM32_USB_Device_Library/Core/Src/usbd_ctlreq.o
 .text.USBD_GetConfig
                0x0000000008009004       0x6c ./Middlewares/ST/STM32_USB_Device_Library/Core/Src/usbd_ctlreq.o
 .text.USBD_GetStatus
                0x0000000008009070       0x68 ./Middlewares/ST/STM32_USB_Device_Library/Core/Src/usbd_ctlreq.o
 .text.USBD_SetFeature
                0x00000000080090d8       0x52 ./Middlewares/ST/STM32_USB_Device_Library/Core/Src/usbd_ctlreq.o
 .text.USBD_ClrFeature
                0x000000000800912a       0x44 ./Middlewares/ST/STM32_USB_Device_Library/Core/Src/usbd_ctlreq.o
 .text.USBD_ParseSetupRequest
                0x000000000800916e       0x74 ./Middlewares/ST/STM32_USB_Device_Library/Core/Src/usbd_ctlreq.o
                0x000000000800916e                USBD_ParseSetupRequest
 .text.USBD_CtlError
                0x00000000080091e2       0x22 ./Middlewares/ST/STM32_USB_Device_Library/Core/Src/usbd_ctlreq.o
                0x00000000080091e2                USBD_CtlError
 .text.USBD_GetString
                0x0000000008009204       0xa4 ./Middlewares/ST/STM32_USB_Device_Library/Core/Src/usbd_ctlreq.o
                0x0000000008009204                USBD_GetString
 .text.USBD_GetLen
                0x00000000080092a8       0x34 ./Middlewares/ST/STM32_USB_Device_Library/Core/Src/usbd_ctlreq.o
 .text.USBD_CtlSendData
                0x00000000080092dc       0x3c ./Middlewares/ST/STM32_USB_Device_Library/Core/Src/usbd_ioreq.o
                0x00000000080092dc                USBD_CtlSendData
 .text.USBD_CtlContinueSendData
                0x0000000008009318       0x22 ./Middlewares/ST/STM32_USB_Device_Library/Core/Src/usbd_ioreq.o
                0x0000000008009318                USBD_CtlContinueSendData
 .text.USBD_CtlPrepareRx
                0x000000000800933a       0x42 ./Middlewares/ST/STM32_USB_Device_Library/Core/Src/usbd_ioreq.o
                0x000000000800933a                USBD_CtlPrepareRx
 .text.USBD_CtlContinueRx
                0x000000000800937c       0x22 ./Middlewares/ST/STM32_USB_Device_Library/Core/Src/usbd_ioreq.o
                0x000000000800937c                USBD_CtlContinueRx
 .text.USBD_CtlSendStatus
                0x000000000800939e       0x26 ./Middlewares/ST/STM32_USB_Device_Library/Core/Src/usbd_ioreq.o
                0x000000000800939e                USBD_CtlSendStatus
 .text.USBD_CtlReceiveStatus
                0x00000000080093c4       0x26 ./Middlewares/ST/STM32_USB_Device_Library/Core/Src/usbd_ioreq.o
                0x00000000080093c4                USBD_CtlReceiveStatus
 .text.makeFreeRtosPriority
                0x00000000080093ea       0x30 ./Middlewares/Third_Party/FreeRTOS/Source/CMSIS_RTOS/cmsis_os.o
 .text.inHandlerMode
                0x000000000800941a       0x24 ./Middlewares/Third_Party/FreeRTOS/Source/CMSIS_RTOS/cmsis_os.o
 .text.osKernelStart
                0x000000000800943e        0xe ./Middlewares/Third_Party/FreeRTOS/Source/CMSIS_RTOS/cmsis_os.o
                0x000000000800943e                osKernelStart
 .text.osKernelSysTick
                0x000000000800944c       0x20 ./Middlewares/Third_Party/FreeRTOS/Source/CMSIS_RTOS/cmsis_os.o
                0x000000000800944c                osKernelSysTick
 .text.osThreadCreate
                0x000000000800946c       0x98 ./Middlewares/Third_Party/FreeRTOS/Source/CMSIS_RTOS/cmsis_os.o
                0x000000000800946c                osThreadCreate
 .text.osDelay  0x0000000008009504       0x28 ./Middlewares/Third_Party/FreeRTOS/Source/CMSIS_RTOS/cmsis_os.o
                0x0000000008009504                osDelay
 .text.osMutexCreate
                0x000000000800952c       0x30 ./Middlewares/Third_Party/FreeRTOS/Source/CMSIS_RTOS/cmsis_os.o
                0x000000000800952c                osMutexCreate
 .text.osMutexWait
                0x000000000800955c       0x9c ./Middlewares/Third_Party/FreeRTOS/Source/CMSIS_RTOS/cmsis_os.o
                0x000000000800955c                osMutexWait
 .text.osMutexRelease
                0x00000000080095f8       0x6c ./Middlewares/Third_Party/FreeRTOS/Source/CMSIS_RTOS/cmsis_os.o
                0x00000000080095f8                osMutexRelease
 .text.osSemaphoreCreate
                0x0000000008009664       0x64 ./Middlewares/Third_Party/FreeRTOS/Source/CMSIS_RTOS/cmsis_os.o
                0x0000000008009664                osSemaphoreCreate
 .text.osSemaphoreWait
                0x00000000080096c8       0x9c ./Middlewares/Third_Party/FreeRTOS/Source/CMSIS_RTOS/cmsis_os.o
                0x00000000080096c8                osSemaphoreWait
 .text.osSemaphoreRelease
                0x0000000008009764       0x6c ./Middlewares/Third_Party/FreeRTOS/Source/CMSIS_RTOS/cmsis_os.o
                0x0000000008009764                osSemaphoreRelease
 .text.vListInitialise
                0x00000000080097d0       0x40 ./Middlewares/Third_Party/FreeRTOS/Source/list.o
                0x00000000080097d0                vListInitialise
 .text.vListInitialiseItem
                0x0000000008009810       0x1a ./Middlewares/Third_Party/FreeRTOS/Source/list.o
                0x0000000008009810                vListInitialiseItem
 .text.vListInsertEnd
                0x000000000800982a       0x48 ./Middlewares/Third_Party/FreeRTOS/Source/list.o
                0x000000000800982a                vListInsertEnd
 .text.vListInsert
                0x0000000008009872       0x72 ./Middlewares/Third_Party/FreeRTOS/Source/list.o
                0x0000000008009872                vListInsert
 .text.uxListRemove
                0x00000000080098e4       0x54 ./Middlewares/Third_Party/FreeRTOS/Source/list.o
                0x00000000080098e4                uxListRemove
 .text.xQueueGenericReset
                0x0000000008009938       0xd0 ./Middlewares/Third_Party/FreeRTOS/Source/queue.o
                0x0000000008009938                xQueueGenericReset
 .text.xQueueGenericCreateStatic
                0x0000000008009a08       0xf0 ./Middlewares/Third_Party/FreeRTOS/Source/queue.o
                0x0000000008009a08                xQueueGenericCreateStatic
 .text.xQueueGenericCreate
                0x0000000008009af8       0x74 ./Middlewares/Third_Party/FreeRTOS/Source/queue.o
                0x0000000008009af8                xQueueGenericCreate
 .text.prvInitialiseNewQueue
                0x0000000008009b6c       0x3e ./Middlewares/Third_Party/FreeRTOS/Source/queue.o
 .text.prvInitialiseMutex
                0x0000000008009baa       0x34 ./Middlewares/Third_Party/FreeRTOS/Source/queue.o
 .text.xQueueCreateMutex
                0x0000000008009bde       0x30 ./Middlewares/Third_Party/FreeRTOS/Source/queue.o
                0x0000000008009bde                xQueueCreateMutex
 .text.xQueueCreateMutexStatic
                0x0000000008009c0e       0x36 ./Middlewares/Third_Party/FreeRTOS/Source/queue.o
                0x0000000008009c0e                xQueueCreateMutexStatic
 .text.xQueueGenericSend
                0x0000000008009c44      0x1fc ./Middlewares/Third_Party/FreeRTOS/Source/queue.o
                0x0000000008009c44                xQueueGenericSend
 .text.xQueueGiveFromISR
                0x0000000008009e40      0x11a ./Middlewares/Third_Party/FreeRTOS/Source/queue.o
                0x0000000008009e40                xQueueGiveFromISR
 *fill*         0x0000000008009f5a        0x2 
 .text.xQueueSemaphoreTake
                0x0000000008009f5c      0x218 ./Middlewares/Third_Party/FreeRTOS/Source/queue.o
                0x0000000008009f5c                xQueueSemaphoreTake
 .text.xQueueReceiveFromISR
                0x000000000800a174      0x100 ./Middlewares/Third_Party/FreeRTOS/Source/queue.o
                0x000000000800a174                xQueueReceiveFromISR
 .text.prvGetDisinheritPriorityAfterTimeout
                0x000000000800a274       0x30 ./Middlewares/Third_Party/FreeRTOS/Source/queue.o
 .text.prvCopyDataToQueue
                0x000000000800a2a4       0xd4 ./Middlewares/Third_Party/FreeRTOS/Source/queue.o
 .text.prvCopyDataFromQueue
                0x000000000800a378       0x4c ./Middlewares/Third_Party/FreeRTOS/Source/queue.o
 .text.prvUnlockQueue
                0x000000000800a3c4       0xa4 ./Middlewares/Third_Party/FreeRTOS/Source/queue.o
 .text.prvIsQueueEmpty
                0x000000000800a468       0x2c ./Middlewares/Third_Party/FreeRTOS/Source/queue.o
 .text.prvIsQueueFull
                0x000000000800a494       0x30 ./Middlewares/Third_Party/FreeRTOS/Source/queue.o
 .text.xTaskCreateStatic
                0x000000000800a4c4       0xba ./Middlewares/Third_Party/FreeRTOS/Source/tasks.o
                0x000000000800a4c4                xTaskCreateStatic
 .text.xTaskCreate
                0x000000000800a57e       0x8a ./Middlewares/Third_Party/FreeRTOS/Source/tasks.o
                0x000000000800a57e                xTaskCreate
 .text.prvInitialiseNewTask
                0x000000000800a608      0x13c ./Middlewares/Third_Party/FreeRTOS/Source/tasks.o
 .text.prvAddNewTaskToReadyList
                0x000000000800a744       0xd4 ./Middlewares/Third_Party/FreeRTOS/Source/tasks.o
 .text.vTaskDelay
                0x000000000800a818       0x68 ./Middlewares/Third_Party/FreeRTOS/Source/tasks.o
                0x000000000800a818                vTaskDelay
 .text.vTaskStartScheduler
                0x000000000800a880       0xd4 ./Middlewares/Third_Party/FreeRTOS/Source/tasks.o
                0x000000000800a880                vTaskStartScheduler
 .text.vTaskSuspendAll
                0x000000000800a954       0x1c ./Middlewares/Third_Party/FreeRTOS/Source/tasks.o
                0x000000000800a954                vTaskSuspendAll
 .text.xTaskResumeAll
                0x000000000800a970      0x138 ./Middlewares/Third_Party/FreeRTOS/Source/tasks.o
                0x000000000800a970                xTaskResumeAll
 .text.xTaskGetTickCount
                0x000000000800aaa8       0x20 ./Middlewares/Third_Party/FreeRTOS/Source/tasks.o
                0x000000000800aaa8                xTaskGetTickCount
 .text.xTaskGetTickCountFromISR
                0x000000000800aac8       0x24 ./Middlewares/Third_Party/FreeRTOS/Source/tasks.o
                0x000000000800aac8                xTaskGetTickCountFromISR
 .text.xTaskIncrementTick
                0x000000000800aaec      0x170 ./Middlewares/Third_Party/FreeRTOS/Source/tasks.o
                0x000000000800aaec                xTaskIncrementTick
 .text.vTaskSwitchContext
                0x000000000800ac5c       0xc4 ./Middlewares/Third_Party/FreeRTOS/Source/tasks.o
                0x000000000800ac5c                vTaskSwitchContext
 .text.vTaskPlaceOnEventList
                0x000000000800ad20       0x48 ./Middlewares/Third_Party/FreeRTOS/Source/tasks.o
                0x000000000800ad20                vTaskPlaceOnEventList
 .text.xTaskRemoveFromEventList
                0x000000000800ad68       0xc4 ./Middlewares/Third_Party/FreeRTOS/Source/tasks.o
                0x000000000800ad68                xTaskRemoveFromEventList
 .text.vTaskInternalSetTimeOutState
                0x000000000800ae2c       0x2c ./Middlewares/Third_Party/FreeRTOS/Source/tasks.o
                0x000000000800ae2c                vTaskInternalSetTimeOutState
 .text.xTaskCheckForTimeOut
                0x000000000800ae58       0xc4 ./Middlewares/Third_Party/FreeRTOS/Source/tasks.o
                0x000000000800ae58                xTaskCheckForTimeOut
 .text.vTaskMissedYield
                0x000000000800af1c       0x18 ./Middlewares/Third_Party/FreeRTOS/Source/tasks.o
                0x000000000800af1c                vTaskMissedYield
 .text.prvIdleTask
                0x000000000800af34       0x30 ./Middlewares/Third_Party/FreeRTOS/Source/tasks.o
 .text.prvInitialiseTaskLists
                0x000000000800af64       0x80 ./Middlewares/Third_Party/FreeRTOS/Source/tasks.o
 .text.prvCheckTasksWaitingTermination
                0x000000000800afe4       0x5c ./Middlewares/Third_Party/FreeRTOS/Source/tasks.o
 .text.prvDeleteTCB
                0x000000000800b040       0x68 ./Middlewares/Third_Party/FreeRTOS/Source/tasks.o
 .text.prvResetNextTaskUnblockTime
                0x000000000800b0a8       0x40 ./Middlewares/Third_Party/FreeRTOS/Source/tasks.o
 .text.xTaskGetSchedulerState
                0x000000000800b0e8       0x3c ./Middlewares/Third_Party/FreeRTOS/Source/tasks.o
                0x000000000800b0e8                xTaskGetSchedulerState
 .text.xTaskPriorityInherit
                0x000000000800b124       0xec ./Middlewares/Third_Party/FreeRTOS/Source/tasks.o
                0x000000000800b124                xTaskPriorityInherit
 .text.xTaskPriorityDisinherit
                0x000000000800b210      0x10c ./Middlewares/Third_Party/FreeRTOS/Source/tasks.o
                0x000000000800b210                xTaskPriorityDisinherit
 .text.vTaskPriorityDisinheritAfterTimeout
                0x000000000800b31c      0x11c ./Middlewares/Third_Party/FreeRTOS/Source/tasks.o
                0x000000000800b31c                vTaskPriorityDisinheritAfterTimeout
 .text.pvTaskIncrementMutexHeldCount
                0x000000000800b438       0x28 ./Middlewares/Third_Party/FreeRTOS/Source/tasks.o
                0x000000000800b438                pvTaskIncrementMutexHeldCount
 .text.prvAddCurrentTaskToDelayedList
                0x000000000800b460       0xcc ./Middlewares/Third_Party/FreeRTOS/Source/tasks.o
 .text.pxPortInitialiseStack
                0x000000000800b52c       0x68 ./Middlewares/Third_Party/FreeRTOS/Source/portable/GCC/ARM_CM4F/port.o
                0x000000000800b52c                pxPortInitialiseStack
 .text.prvTaskExitError
                0x000000000800b594       0x58 ./Middlewares/Third_Party/FreeRTOS/Source/portable/GCC/ARM_CM4F/port.o
 *fill*         0x000000000800b5ec        0x4 
 .text.SVC_Handler
                0x000000000800b5f0       0x28 ./Middlewares/Third_Party/FreeRTOS/Source/portable/GCC/ARM_CM4F/port.o
                0x000000000800b5f0                SVC_Handler
 .text.prvPortStartFirstTask
                0x000000000800b618       0x28 ./Middlewares/Third_Party/FreeRTOS/Source/portable/GCC/ARM_CM4F/port.o
 .text.xPortStartScheduler
                0x000000000800b640      0x144 ./Middlewares/Third_Party/FreeRTOS/Source/portable/GCC/ARM_CM4F/port.o
                0x000000000800b640                xPortStartScheduler
 .text.vPortEnterCritical
                0x000000000800b784       0x60 ./Middlewares/Third_Party/FreeRTOS/Source/portable/GCC/ARM_CM4F/port.o
                0x000000000800b784                vPortEnterCritical
 .text.vPortExitCritical
                0x000000000800b7e4       0x54 ./Middlewares/Third_Party/FreeRTOS/Source/portable/GCC/ARM_CM4F/port.o
                0x000000000800b7e4                vPortExitCritical
 *fill*         0x000000000800b838        0x8 
 .text.PendSV_Handler
                0x000000000800b840       0x68 ./Middlewares/Third_Party/FreeRTOS/Source/portable/GCC/ARM_CM4F/port.o
                0x000000000800b840                PendSV_Handler
 .text.SysTick_Handler
                0x000000000800b8a8       0x44 ./Middlewares/Third_Party/FreeRTOS/Source/portable/GCC/ARM_CM4F/port.o
                0x000000000800b8a8                SysTick_Handler
 .text.vPortSetupTimerInterrupt
                0x000000000800b8ec       0x48 ./Middlewares/Third_Party/FreeRTOS/Source/portable/GCC/ARM_CM4F/port.o
                0x000000000800b8ec                vPortSetupTimerInterrupt
 .text.vPortEnableVFP
                0x000000000800b934       0x14 ./Middlewares/Third_Party/FreeRTOS/Source/portable/GCC/ARM_CM4F/port.o
 .text.vPortValidateInterruptPriority
                0x000000000800b948       0x80 ./Middlewares/Third_Party/FreeRTOS/Source/portable/GCC/ARM_CM4F/port.o
                0x000000000800b948                vPortValidateInterruptPriority
 .text.pvPortMalloc
                0x000000000800b9c8      0x198 ./Middlewares/Third_Party/FreeRTOS/Source/portable/MemMang/heap_4.o
                0x000000000800b9c8                pvPortMalloc
 .text.vPortFree
                0x000000000800bb60       0xc4 ./Middlewares/Third_Party/FreeRTOS/Source/portable/MemMang/heap_4.o
                0x000000000800bb60                vPortFree
 .text.prvHeapInit
                0x000000000800bc24       0xc4 ./Middlewares/Third_Party/FreeRTOS/Source/portable/MemMang/heap_4.o
 .text.prvInsertBlockIntoFreeList
                0x000000000800bce8       0xb4 ./Middlewares/Third_Party/FreeRTOS/Source/portable/MemMang/heap_4.o
 .text.MX_USB_DEVICE_Init
                0x000000000800bd9c       0x60 ./USB_DEVICE/App/usb_device.o
                0x000000000800bd9c                MX_USB_DEVICE_Init
 .text.CDC_Init_FS
                0x000000000800bdfc       0x28 ./USB_DEVICE/App/usbd_cdc_if.o
 .text.CDC_DeInit_FS
                0x000000000800be24       0x10 ./USB_DEVICE/App/usbd_cdc_if.o
 .text.CDC_Control_FS
                0x000000000800be34       0xbc ./USB_DEVICE/App/usbd_cdc_if.o
 .text.CDC_Receive_FS
                0x000000000800bef0       0x28 ./USB_DEVICE/App/usbd_cdc_if.o
 .text.CDC_Transmit_FS
                0x000000000800bf18       0x4c ./USB_DEVICE/App/usbd_cdc_if.o
                0x000000000800bf18                CDC_Transmit_FS
 .text.CDC_TransmitCplt_FS
                0x000000000800bf64       0x22 ./USB_DEVICE/App/usbd_cdc_if.o
 *fill*         0x000000000800bf86        0x2 
 .text.USBD_FS_DeviceDescriptor
                0x000000000800bf88       0x24 ./USB_DEVICE/App/usbd_desc.o
                0x000000000800bf88                USBD_FS_DeviceDescriptor
 .text.USBD_FS_LangIDStrDescriptor
                0x000000000800bfac       0x24 ./USB_DEVICE/App/usbd_desc.o
                0x000000000800bfac                USBD_FS_LangIDStrDescriptor
 .text.USBD_FS_ProductStrDescriptor
                0x000000000800bfd0       0x3c ./USB_DEVICE/App/usbd_desc.o
                0x000000000800bfd0                USBD_FS_ProductStrDescriptor
 .text.USBD_FS_ManufacturerStrDescriptor
                0x000000000800c00c       0x28 ./USB_DEVICE/App/usbd_desc.o
                0x000000000800c00c                USBD_FS_ManufacturerStrDescriptor
 .text.USBD_FS_SerialStrDescriptor
                0x000000000800c034       0x24 ./USB_DEVICE/App/usbd_desc.o
                0x000000000800c034                USBD_FS_SerialStrDescriptor
 .text.USBD_FS_ConfigStrDescriptor
                0x000000000800c058       0x3c ./USB_DEVICE/App/usbd_desc.o
                0x000000000800c058                USBD_FS_ConfigStrDescriptor
 .text.USBD_FS_InterfaceStrDescriptor
                0x000000000800c094       0x3c ./USB_DEVICE/App/usbd_desc.o
                0x000000000800c094                USBD_FS_InterfaceStrDescriptor
 .text.Get_SerialNum
                0x000000000800c0d0       0x58 ./USB_DEVICE/App/usbd_desc.o
 .text.IntToUnicode
                0x000000000800c128       0x7e ./USB_DEVICE/App/usbd_desc.o
 *fill*         0x000000000800c1a6        0x2 
 .text.HAL_PCD_MspInit
                0x000000000800c1a8       0xa8 ./USB_DEVICE/Target/usbd_conf.o
                0x000000000800c1a8                HAL_PCD_MspInit
 .text.HAL_PCD_SetupStageCallback
                0x000000000800c250       0x24 ./USB_DEVICE/Target/usbd_conf.o
                0x000000000800c250                HAL_PCD_SetupStageCallback
 .text.HAL_PCD_DataOutStageCallback
                0x000000000800c274       0x36 ./USB_DEVICE/Target/usbd_conf.o
                0x000000000800c274                HAL_PCD_DataOutStageCallback
 .text.HAL_PCD_DataInStageCallback
                0x000000000800c2aa       0x34 ./USB_DEVICE/Target/usbd_conf.o
                0x000000000800c2aa                HAL_PCD_DataInStageCallback
 .text.HAL_PCD_SOFCallback
                0x000000000800c2de       0x1c ./USB_DEVICE/Target/usbd_conf.o
                0x000000000800c2de                HAL_PCD_SOFCallback
 .text.HAL_PCD_ResetCallback
                0x000000000800c2fa       0x50 ./USB_DEVICE/Target/usbd_conf.o
                0x000000000800c2fa                HAL_PCD_ResetCallback
 *fill*         0x000000000800c34a        0x2 
 .text.HAL_PCD_SuspendCallback
                0x000000000800c34c       0x4c ./USB_DEVICE/Target/usbd_conf.o
                0x000000000800c34c                HAL_PCD_SuspendCallback
 .text.HAL_PCD_ResumeCallback
                0x000000000800c398       0x1c ./USB_DEVICE/Target/usbd_conf.o
                0x000000000800c398                HAL_PCD_ResumeCallback
 .text.HAL_PCD_ISOOUTIncompleteCallback
                0x000000000800c3b4       0x24 ./USB_DEVICE/Target/usbd_conf.o
                0x000000000800c3b4                HAL_PCD_ISOOUTIncompleteCallback
 .text.HAL_PCD_ISOINIncompleteCallback
                0x000000000800c3d8       0x24 ./USB_DEVICE/Target/usbd_conf.o
                0x000000000800c3d8                HAL_PCD_ISOINIncompleteCallback
 .text.HAL_PCD_ConnectCallback
                0x000000000800c3fc       0x1c ./USB_DEVICE/Target/usbd_conf.o
                0x000000000800c3fc                HAL_PCD_ConnectCallback
 .text.HAL_PCD_DisconnectCallback
                0x000000000800c418       0x1c ./USB_DEVICE/Target/usbd_conf.o
                0x000000000800c418                HAL_PCD_DisconnectCallback
 .text.USBD_LL_Init
                0x000000000800c434       0x98 ./USB_DEVICE/Target/usbd_conf.o
                0x000000000800c434                USBD_LL_Init
 .text.USBD_LL_Start
                0x000000000800c4cc       0x36 ./USB_DEVICE/Target/usbd_conf.o
                0x000000000800c4cc                USBD_LL_Start
 .text.USBD_LL_OpenEP
                0x000000000800c502       0x4c ./USB_DEVICE/Target/usbd_conf.o
                0x000000000800c502                USBD_LL_OpenEP
 .text.USBD_LL_CloseEP
                0x000000000800c54e       0x3e ./USB_DEVICE/Target/usbd_conf.o
                0x000000000800c54e                USBD_LL_CloseEP
 .text.USBD_LL_StallEP
                0x000000000800c58c       0x3e ./USB_DEVICE/Target/usbd_conf.o
                0x000000000800c58c                USBD_LL_StallEP
 .text.USBD_LL_ClearStallEP
                0x000000000800c5ca       0x3e ./USB_DEVICE/Target/usbd_conf.o
                0x000000000800c5ca                USBD_LL_ClearStallEP
 .text.USBD_LL_IsStallEP
                0x000000000800c608       0x58 ./USB_DEVICE/Target/usbd_conf.o
                0x000000000800c608                USBD_LL_IsStallEP
 .text.USBD_LL_SetUSBAddress
                0x000000000800c660       0x3e ./USB_DEVICE/Target/usbd_conf.o
                0x000000000800c660                USBD_LL_SetUSBAddress
 .text.USBD_LL_Transmit
                0x000000000800c69e       0x42 ./USB_DEVICE/Target/usbd_conf.o
                0x000000000800c69e                USBD_LL_Transmit
 .text.USBD_LL_PrepareReceive
                0x000000000800c6e0       0x42 ./USB_DEVICE/Target/usbd_conf.o
                0x000000000800c6e0                USBD_LL_PrepareReceive
 .text.USBD_LL_GetRxDataSize
                0x000000000800c722       0x26 ./USB_DEVICE/Target/usbd_conf.o
                0x000000000800c722                USBD_LL_GetRxDataSize
 .text.USBD_static_malloc
                0x000000000800c748       0x1c ./USB_DEVICE/Target/usbd_conf.o
                0x000000000800c748                USBD_static_malloc
 .text.USBD_static_free
                0x000000000800c764       0x14 ./USB_DEVICE/Target/usbd_conf.o
                0x000000000800c764                USBD_static_free
 .text.USBD_Get_USB_Status
                0x000000000800c778       0x58 ./USB_DEVICE/Target/usbd_conf.o
                0x000000000800c778                USBD_Get_USB_Status
 .text.__cvt    0x000000000800c7d0       0xc4 C:/ST/STM32CubeIDE_1.14.0/STM32CubeIDE/plugins/com.st.stm32cube.ide.mcu.externaltools.gnu-tools-for-stm32.11.3.rel1.win32_1.1.100.202309141235/tools/bin/../lib/gcc/arm-none-eabi/11.3.1/../../../../arm-none-eabi/lib/thumb/v7e-m+fp/hard\libc_nano.a(libc_a-nano-vfprintf_float.o)
                0x000000000800c7d0                __cvt
 .text.__exponent
                0x000000000800c894       0x7c C:/ST/STM32CubeIDE_1.14.0/STM32CubeIDE/plugins/com.st.stm32cube.ide.mcu.externaltools.gnu-tools-for-stm32.11.3.rel1.win32_1.1.100.202309141235/tools/bin/../lib/gcc/arm-none-eabi/11.3.1/../../../../arm-none-eabi/lib/thumb/v7e-m+fp/hard\libc_nano.a(libc_a-nano-vfprintf_float.o)
                0x000000000800c894                __exponent
 .text._printf_float
                0x000000000800c910      0x46c C:/ST/STM32CubeIDE_1.14.0/STM32CubeIDE/plugins/com.st.stm32cube.ide.mcu.externaltools.gnu-tools-for-stm32.11.3.rel1.win32_1.1.100.202309141235/tools/bin/../lib/gcc/arm-none-eabi/11.3.1/../../../../arm-none-eabi/lib/thumb/v7e-m+fp/hard\libc_nano.a(libc_a-nano-vfprintf_float.o)
                0x000000000800c910                _printf_float
 .text._printf_common
                0x000000000800cd7c       0xda C:/ST/STM32CubeIDE_1.14.0/STM32CubeIDE/plugins/com.st.stm32cube.ide.mcu.externaltools.gnu-tools-for-stm32.11.3.rel1.win32_1.1.100.202309141235/tools/bin/../lib/gcc/arm-none-eabi/11.3.1/../../../../arm-none-eabi/lib/thumb/v7e-m+fp/hard\libc_nano.a(libc_a-nano-vfprintf_i.o)
                0x000000000800cd7c                _printf_common
 *fill*         0x000000000800ce56        0x2 
 .text._printf_i
                0x000000000800ce58      0x244 C:/ST/STM32CubeIDE_1.14.0/STM32CubeIDE/plugins/com.st.stm32cube.ide.mcu.externaltools.gnu-tools-for-stm32.11.3.rel1.win32_1.1.100.202309141235/tools/bin/../lib/gcc/arm-none-eabi/11.3.1/../../../../arm-none-eabi/lib/thumb/v7e-m+fp/hard\libc_nano.a(libc_a-nano-vfprintf_i.o)
                0x000000000800ce58                _printf_i
 .text.std      0x000000000800d09c       0x6c C:/ST/STM32CubeIDE_1.14.0/STM32CubeIDE/plugins/com.st.stm32cube.ide.mcu.externaltools.gnu-tools-for-stm32.11.3.rel1.win32_1.1.100.202309141235/tools/bin/../lib/gcc/arm-none-eabi/11.3.1/../../../../arm-none-eabi/lib/thumb/v7e-m+fp/hard\libc_nano.a(libc_a-findfp.o)
 .text.stdio_exit_handler
                0x000000000800d108       0x18 C:/ST/STM32CubeIDE_1.14.0/STM32CubeIDE/plugins/com.st.stm32cube.ide.mcu.externaltools.gnu-tools-for-stm32.11.3.rel1.win32_1.1.100.202309141235/tools/bin/../lib/gcc/arm-none-eabi/11.3.1/../../../../arm-none-eabi/lib/thumb/v7e-m+fp/hard\libc_nano.a(libc_a-findfp.o)
 .text.cleanup_stdio
                0x000000000800d120       0x40 C:/ST/STM32CubeIDE_1.14.0/STM32CubeIDE/plugins/com.st.stm32cube.ide.mcu.externaltools.gnu-tools-for-stm32.11.3.rel1.win32_1.1.100.202309141235/tools/bin/../lib/gcc/arm-none-eabi/11.3.1/../../../../arm-none-eabi/lib/thumb/v7e-m+fp/hard\libc_nano.a(libc_a-findfp.o)
 .text.global_stdio_init.part.0
                0x000000000800d160       0x3c C:/ST/STM32CubeIDE_1.14.0/STM32CubeIDE/plugins/com.st.stm32cube.ide.mcu.externaltools.gnu-tools-for-stm32.11.3.rel1.win32_1.1.100.202309141235/tools/bin/../lib/gcc/arm-none-eabi/11.3.1/../../../../arm-none-eabi/lib/thumb/v7e-m+fp/hard\libc_nano.a(libc_a-findfp.o)
 .text.__sfp_lock_acquire
                0x000000000800d19c        0xc C:/ST/STM32CubeIDE_1.14.0/STM32CubeIDE/plugins/com.st.stm32cube.ide.mcu.externaltools.gnu-tools-for-stm32.11.3.rel1.win32_1.1.100.202309141235/tools/bin/../lib/gcc/arm-none-eabi/11.3.1/../../../../arm-none-eabi/lib/thumb/v7e-m+fp/hard\libc_nano.a(libc_a-findfp.o)
                0x000000000800d19c                __sfp_lock_acquire
 .text.__sfp_lock_release
                0x000000000800d1a8        0xc C:/ST/STM32CubeIDE_1.14.0/STM32CubeIDE/plugins/com.st.stm32cube.ide.mcu.externaltools.gnu-tools-for-stm32.11.3.rel1.win32_1.1.100.202309141235/tools/bin/../lib/gcc/arm-none-eabi/11.3.1/../../../../arm-none-eabi/lib/thumb/v7e-m+fp/hard\libc_nano.a(libc_a-findfp.o)
                0x000000000800d1a8                __sfp_lock_release
 .text.__sinit  0x000000000800d1b4       0x30 C:/ST/STM32CubeIDE_1.14.0/STM32CubeIDE/plugins/com.st.stm32cube.ide.mcu.externaltools.gnu-tools-for-stm32.11.3.rel1.win32_1.1.100.202309141235/tools/bin/../lib/gcc/arm-none-eabi/11.3.1/../../../../arm-none-eabi/lib/thumb/v7e-m+fp/hard\libc_nano.a(libc_a-findfp.o)
                0x000000000800d1b4                __sinit
 .text._fwalk_sglue
                0x000000000800d1e4       0x3c C:/ST/STM32CubeIDE_1.14.0/STM32CubeIDE/plugins/com.st.stm32cube.ide.mcu.externaltools.gnu-tools-for-stm32.11.3.rel1.win32_1.1.100.202309141235/tools/bin/../lib/gcc/arm-none-eabi/11.3.1/../../../../arm-none-eabi/lib/thumb/v7e-m+fp/hard\libc_nano.a(libc_a-fwalk.o)
                0x000000000800d1e4                _fwalk_sglue
 .text.snprintf
                0x000000000800d220       0x68 C:/ST/STM32CubeIDE_1.14.0/STM32CubeIDE/plugins/com.st.stm32cube.ide.mcu.externaltools.gnu-tools-for-stm32.11.3.rel1.win32_1.1.100.202309141235/tools/bin/../lib/gcc/arm-none-eabi/11.3.1/../../../../arm-none-eabi/lib/thumb/v7e-m+fp/hard\libc_nano.a(libc_a-snprintf.o)
                0x000000000800d220                sniprintf
                0x000000000800d220                snprintf
 .text.__sread  0x000000000800d288       0x22 C:/ST/STM32CubeIDE_1.14.0/STM32CubeIDE/plugins/com.st.stm32cube.ide.mcu.externaltools.gnu-tools-for-stm32.11.3.rel1.win32_1.1.100.202309141235/tools/bin/../lib/gcc/arm-none-eabi/11.3.1/../../../../arm-none-eabi/lib/thumb/v7e-m+fp/hard\libc_nano.a(libc_a-stdio.o)
                0x000000000800d288                __sread
 .text.__swrite
                0x000000000800d2aa       0x38 C:/ST/STM32CubeIDE_1.14.0/STM32CubeIDE/plugins/com.st.stm32cube.ide.mcu.externaltools.gnu-tools-for-stm32.11.3.rel1.win32_1.1.100.202309141235/tools/bin/../lib/gcc/arm-none-eabi/11.3.1/../../../../arm-none-eabi/lib/thumb/v7e-m+fp/hard\libc_nano.a(libc_a-stdio.o)
                0x000000000800d2aa                __swrite
 .text.__sseek  0x000000000800d2e2       0x24 C:/ST/STM32CubeIDE_1.14.0/STM32CubeIDE/plugins/com.st.stm32cube.ide.mcu.externaltools.gnu-tools-for-stm32.11.3.rel1.win32_1.1.100.202309141235/tools/bin/../lib/gcc/arm-none-eabi/11.3.1/../../../../arm-none-eabi/lib/thumb/v7e-m+fp/hard\libc_nano.a(libc_a-stdio.o)
                0x000000000800d2e2                __sseek
 .text.__sclose
                0x000000000800d306        0x8 C:/ST/STM32CubeIDE_1.14.0/STM32CubeIDE/plugins/com.st.stm32cube.ide.mcu.externaltools.gnu-tools-for-stm32.11.3.rel1.win32_1.1.100.202309141235/tools/bin/../lib/gcc/arm-none-eabi/11.3.1/../../../../arm-none-eabi/lib/thumb/v7e-m+fp/hard\libc_nano.a(libc_a-stdio.o)
                0x000000000800d306                __sclose
 .text.memset   0x000000000800d30e       0x10 C:/ST/STM32CubeIDE_1.14.0/STM32CubeIDE/plugins/com.st.stm32cube.ide.mcu.externaltools.gnu-tools-for-stm32.11.3.rel1.win32_1.1.100.202309141235/tools/bin/../lib/gcc/arm-none-eabi/11.3.1/../../../../arm-none-eabi/lib/thumb/v7e-m+fp/hard\libc_nano.a(libc_a-memset.o)
                0x000000000800d30e                memset
 *fill*         0x000000000800d31e        0x2 
 .text._localeconv_r
                0x000000000800d320        0x8 C:/ST/STM32CubeIDE_1.14.0/STM32CubeIDE/plugins/com.st.stm32cube.ide.mcu.externaltools.gnu-tools-for-stm32.11.3.rel1.win32_1.1.100.202309141235/tools/bin/../lib/gcc/arm-none-eabi/11.3.1/../../../../arm-none-eabi/lib/thumb/v7e-m+fp/hard\libc_nano.a(libc_a-localeconv.o)
                0x000000000800d320                _localeconv_r
 .text._close_r
                0x000000000800d328       0x20 C:/ST/STM32CubeIDE_1.14.0/STM32CubeIDE/plugins/com.st.stm32cube.ide.mcu.externaltools.gnu-tools-for-stm32.11.3.rel1.win32_1.1.100.202309141235/tools/bin/../lib/gcc/arm-none-eabi/11.3.1/../../../../arm-none-eabi/lib/thumb/v7e-m+fp/hard\libc_nano.a(libc_a-closer.o)
                0x000000000800d328                _close_r
 .text._reclaim_reent
                0x000000000800d348       0xac C:/ST/STM32CubeIDE_1.14.0/STM32CubeIDE/plugins/com.st.stm32cube.ide.mcu.externaltools.gnu-tools-for-stm32.11.3.rel1.win32_1.1.100.202309141235/tools/bin/../lib/gcc/arm-none-eabi/11.3.1/../../../../arm-none-eabi/lib/thumb/v7e-m+fp/hard\libc_nano.a(libc_a-reent.o)
                0x000000000800d348                _reclaim_reent
 .text._lseek_r
                0x000000000800d3f4       0x24 C:/ST/STM32CubeIDE_1.14.0/STM32CubeIDE/plugins/com.st.stm32cube.ide.mcu.externaltools.gnu-tools-for-stm32.11.3.rel1.win32_1.1.100.202309141235/tools/bin/../lib/gcc/arm-none-eabi/11.3.1/../../../../arm-none-eabi/lib/thumb/v7e-m+fp/hard\libc_nano.a(libc_a-lseekr.o)
                0x000000000800d3f4                _lseek_r
 .text._read_r  0x000000000800d418       0x24 C:/ST/STM32CubeIDE_1.14.0/STM32CubeIDE/plugins/com.st.stm32cube.ide.mcu.externaltools.gnu-tools-for-stm32.11.3.rel1.win32_1.1.100.202309141235/tools/bin/../lib/gcc/arm-none-eabi/11.3.1/../../../../arm-none-eabi/lib/thumb/v7e-m+fp/hard\libc_nano.a(libc_a-readr.o)
                0x000000000800d418                _read_r
 .text._write_r
                0x000000000800d43c       0x24 C:/ST/STM32CubeIDE_1.14.0/STM32CubeIDE/plugins/com.st.stm32cube.ide.mcu.externaltools.gnu-tools-for-stm32.11.3.rel1.win32_1.1.100.202309141235/tools/bin/../lib/gcc/arm-none-eabi/11.3.1/../../../../arm-none-eabi/lib/thumb/v7e-m+fp/hard\libc_nano.a(libc_a-writer.o)
                0x000000000800d43c                _write_r
 .text.__errno  0x000000000800d460        0xc C:/ST/STM32CubeIDE_1.14.0/STM32CubeIDE/plugins/com.st.stm32cube.ide.mcu.externaltools.gnu-tools-for-stm32.11.3.rel1.win32_1.1.100.202309141235/tools/bin/../lib/gcc/arm-none-eabi/11.3.1/../../../../arm-none-eabi/lib/thumb/v7e-m+fp/hard\libc_nano.a(libc_a-errno.o)
                0x000000000800d460                __errno
 .text.__libc_init_array
                0x000000000800d46c       0x48 C:/ST/STM32CubeIDE_1.14.0/STM32CubeIDE/plugins/com.st.stm32cube.ide.mcu.externaltools.gnu-tools-for-stm32.11.3.rel1.win32_1.1.100.202309141235/tools/bin/../lib/gcc/arm-none-eabi/11.3.1/../../../../arm-none-eabi/lib/thumb/v7e-m+fp/hard\libc_nano.a(libc_a-init.o)
                0x000000000800d46c                __libc_init_array
 .text.__retarget_lock_init_recursive
                0x000000000800d4b4        0x2 C:/ST/STM32CubeIDE_1.14.0/STM32CubeIDE/plugins/com.st.stm32cube.ide.mcu.externaltools.gnu-tools-for-stm32.11.3.rel1.win32_1.1.100.202309141235/tools/bin/../lib/gcc/arm-none-eabi/11.3.1/../../../../arm-none-eabi/lib/thumb/v7e-m+fp/hard\libc_nano.a(libc_a-lock.o)
                0x000000000800d4b4                __retarget_lock_init_recursive
 .text.__retarget_lock_acquire_recursive
                0x000000000800d4b6        0x2 C:/ST/STM32CubeIDE_1.14.0/STM32CubeIDE/plugins/com.st.stm32cube.ide.mcu.externaltools.gnu-tools-for-stm32.11.3.rel1.win32_1.1.100.202309141235/tools/bin/../lib/gcc/arm-none-eabi/11.3.1/../../../../arm-none-eabi/lib/thumb/v7e-m+fp/hard\libc_nano.a(libc_a-lock.o)
                0x000000000800d4b6                __retarget_lock_acquire_recursive
 .text.__retarget_lock_release_recursive
                0x000000000800d4b8        0x2 C:/ST/STM32CubeIDE_1.14.0/STM32CubeIDE/plugins/com.st.stm32cube.ide.mcu.externaltools.gnu-tools-for-stm32.11.3.rel1.win32_1.1.100.202309141235/tools/bin/../lib/gcc/arm-none-eabi/11.3.1/../../../../arm-none-eabi/lib/thumb/v7e-m+fp/hard\libc_nano.a(libc_a-lock.o)
                0x000000000800d4b8                __retarget_lock_release_recursive
 .text.memcpy   0x000000000800d4ba       0x1c C:/ST/STM32CubeIDE_1.14.0/STM32CubeIDE/plugins/com.st.stm32cube.ide.mcu.externaltools.gnu-tools-for-stm32.11.3.rel1.win32_1.1.100.202309141235/tools/bin/../lib/gcc/arm-none-eabi/11.3.1/../../../../arm-none-eabi/lib/thumb/v7e-m+fp/hard\libc_nano.a(libc_a-memcpy-stub.o)
                0x000000000800d4ba                memcpy
 .text.quorem   0x000000000800d4d6      0x110 C:/ST/STM32CubeIDE_1.14.0/STM32CubeIDE/plugins/com.st.stm32cube.ide.mcu.externaltools.gnu-tools-for-stm32.11.3.rel1.win32_1.1.100.202309141235/tools/bin/../lib/gcc/arm-none-eabi/11.3.1/../../../../arm-none-eabi/lib/thumb/v7e-m+fp/hard\libc_nano.a(libc_a-dtoa.o)
 *fill*         0x000000000800d5e6        0x2 
 .text._dtoa_r  0x000000000800d5e8      0xbe4 C:/ST/STM32CubeIDE_1.14.0/STM32CubeIDE/plugins/com.st.stm32cube.ide.mcu.externaltools.gnu-tools-for-stm32.11.3.rel1.win32_1.1.100.202309141235/tools/bin/../lib/gcc/arm-none-eabi/11.3.1/../../../../arm-none-eabi/lib/thumb/v7e-m+fp/hard\libc_nano.a(libc_a-dtoa.o)
                0x000000000800d5e8                _dtoa_r
 .text._free_r  0x000000000800e1cc       0x98 C:/ST/STM32CubeIDE_1.14.0/STM32CubeIDE/plugins/com.st.stm32cube.ide.mcu.externaltools.gnu-tools-for-stm32.11.3.rel1.win32_1.1.100.202309141235/tools/bin/../lib/gcc/arm-none-eabi/11.3.1/../../../../arm-none-eabi/lib/thumb/v7e-m+fp/hard\libc_nano.a(libc_a-freer.o)
                0x000000000800e1cc                _free_r
 .text.malloc   0x000000000800e264       0x10 C:/ST/STM32CubeIDE_1.14.0/STM32CubeIDE/plugins/com.st.stm32cube.ide.mcu.externaltools.gnu-tools-for-stm32.11.3.rel1.win32_1.1.100.202309141235/tools/bin/../lib/gcc/arm-none-eabi/11.3.1/../../../../arm-none-eabi/lib/thumb/v7e-m+fp/hard\libc_nano.a(libc_a-malloc.o)
                0x000000000800e264                malloc
 .text.sbrk_aligned
                0x000000000800e274       0x40 C:/ST/STM32CubeIDE_1.14.0/STM32CubeIDE/plugins/com.st.stm32cube.ide.mcu.externaltools.gnu-tools-for-stm32.11.3.rel1.win32_1.1.100.202309141235/tools/bin/../lib/gcc/arm-none-eabi/11.3.1/../../../../arm-none-eabi/lib/thumb/v7e-m+fp/hard\libc_nano.a(libc_a-mallocr.o)
 .text._malloc_r
                0x000000000800e2b4      0x100 C:/ST/STM32CubeIDE_1.14.0/STM32CubeIDE/plugins/com.st.stm32cube.ide.mcu.externaltools.gnu-tools-for-stm32.11.3.rel1.win32_1.1.100.202309141235/tools/bin/../lib/gcc/arm-none-eabi/11.3.1/../../../../arm-none-eabi/lib/thumb/v7e-m+fp/hard\libc_nano.a(libc_a-mallocr.o)
                0x000000000800e2b4                _malloc_r
 .text.__malloc_lock
                0x000000000800e3b4        0xc C:/ST/STM32CubeIDE_1.14.0/STM32CubeIDE/plugins/com.st.stm32cube.ide.mcu.externaltools.gnu-tools-for-stm32.11.3.rel1.win32_1.1.100.202309141235/tools/bin/../lib/gcc/arm-none-eabi/11.3.1/../../../../arm-none-eabi/lib/thumb/v7e-m+fp/hard\libc_nano.a(libc_a-mlock.o)
                0x000000000800e3b4                __malloc_lock
 .text.__malloc_unlock
                0x000000000800e3c0        0xc C:/ST/STM32CubeIDE_1.14.0/STM32CubeIDE/plugins/com.st.stm32cube.ide.mcu.externaltools.gnu-tools-for-stm32.11.3.rel1.win32_1.1.100.202309141235/tools/bin/../lib/gcc/arm-none-eabi/11.3.1/../../../../arm-none-eabi/lib/thumb/v7e-m+fp/hard\libc_nano.a(libc_a-mlock.o)
                0x000000000800e3c0                __malloc_unlock
 .text._Balloc  0x000000000800e3cc       0x80 C:/ST/STM32CubeIDE_1.14.0/STM32CubeIDE/plugins/com.st.stm32cube.ide.mcu.externaltools.gnu-tools-for-stm32.11.3.rel1.win32_1.1.100.202309141235/tools/bin/../lib/gcc/arm-none-eabi/11.3.1/../../../../arm-none-eabi/lib/thumb/v7e-m+fp/hard\libc_nano.a(libc_a-mprec.o)
                0x000000000800e3cc                _Balloc
 .text._Bfree   0x000000000800e44c       0x44 C:/ST/STM32CubeIDE_1.14.0/STM32CubeIDE/plugins/com.st.stm32cube.ide.mcu.externaltools.gnu-tools-for-stm32.11.3.rel1.win32_1.1.100.202309141235/tools/bin/../lib/gcc/arm-none-eabi/11.3.1/../../../../arm-none-eabi/lib/thumb/v7e-m+fp/hard\libc_nano.a(libc_a-mprec.o)
                0x000000000800e44c                _Bfree
 .text.__multadd
                0x000000000800e490       0x8c C:/ST/STM32CubeIDE_1.14.0/STM32CubeIDE/plugins/com.st.stm32cube.ide.mcu.externaltools.gnu-tools-for-stm32.11.3.rel1.win32_1.1.100.202309141235/tools/bin/../lib/gcc/arm-none-eabi/11.3.1/../../../../arm-none-eabi/lib/thumb/v7e-m+fp/hard\libc_nano.a(libc_a-mprec.o)
                0x000000000800e490                __multadd
 .text.__hi0bits
                0x000000000800e51c       0x40 C:/ST/STM32CubeIDE_1.14.0/STM32CubeIDE/plugins/com.st.stm32cube.ide.mcu.externaltools.gnu-tools-for-stm32.11.3.rel1.win32_1.1.100.202309141235/tools/bin/../lib/gcc/arm-none-eabi/11.3.1/../../../../arm-none-eabi/lib/thumb/v7e-m+fp/hard\libc_nano.a(libc_a-mprec.o)
                0x000000000800e51c                __hi0bits
 .text.__lo0bits
                0x000000000800e55c       0x5a C:/ST/STM32CubeIDE_1.14.0/STM32CubeIDE/plugins/com.st.stm32cube.ide.mcu.externaltools.gnu-tools-for-stm32.11.3.rel1.win32_1.1.100.202309141235/tools/bin/../lib/gcc/arm-none-eabi/11.3.1/../../../../arm-none-eabi/lib/thumb/v7e-m+fp/hard\libc_nano.a(libc_a-mprec.o)
                0x000000000800e55c                __lo0bits
 *fill*         0x000000000800e5b6        0x2 
 .text.__i2b    0x000000000800e5b8       0x2c C:/ST/STM32CubeIDE_1.14.0/STM32CubeIDE/plugins/com.st.stm32cube.ide.mcu.externaltools.gnu-tools-for-stm32.11.3.rel1.win32_1.1.100.202309141235/tools/bin/../lib/gcc/arm-none-eabi/11.3.1/../../../../arm-none-eabi/lib/thumb/v7e-m+fp/hard\libc_nano.a(libc_a-mprec.o)
                0x000000000800e5b8                __i2b
 .text.__multiply
                0x000000000800e5e4      0x154 C:/ST/STM32CubeIDE_1.14.0/STM32CubeIDE/plugins/com.st.stm32cube.ide.mcu.externaltools.gnu-tools-for-stm32.11.3.rel1.win32_1.1.100.202309141235/tools/bin/../lib/gcc/arm-none-eabi/11.3.1/../../../../arm-none-eabi/lib/thumb/v7e-m+fp/hard\libc_nano.a(libc_a-mprec.o)
                0x000000000800e5e4                __multiply
 .text.__pow5mult
                0x000000000800e738       0xb4 C:/ST/STM32CubeIDE_1.14.0/STM32CubeIDE/plugins/com.st.stm32cube.ide.mcu.externaltools.gnu-tools-for-stm32.11.3.rel1.win32_1.1.100.202309141235/tools/bin/../lib/gcc/arm-none-eabi/11.3.1/../../../../arm-none-eabi/lib/thumb/v7e-m+fp/hard\libc_nano.a(libc_a-mprec.o)
                0x000000000800e738                __pow5mult
 .text.__lshift
                0x000000000800e7ec       0xd8 C:/ST/STM32CubeIDE_1.14.0/STM32CubeIDE/plugins/com.st.stm32cube.ide.mcu.externaltools.gnu-tools-for-stm32.11.3.rel1.win32_1.1.100.202309141235/tools/bin/../lib/gcc/arm-none-eabi/11.3.1/../../../../arm-none-eabi/lib/thumb/v7e-m+fp/hard\libc_nano.a(libc_a-mprec.o)
                0x000000000800e7ec                __lshift
 .text.__mcmp   0x000000000800e8c4       0x38 C:/ST/STM32CubeIDE_1.14.0/STM32CubeIDE/plugins/com.st.stm32cube.ide.mcu.externaltools.gnu-tools-for-stm32.11.3.rel1.win32_1.1.100.202309141235/tools/bin/../lib/gcc/arm-none-eabi/11.3.1/../../../../arm-none-eabi/lib/thumb/v7e-m+fp/hard\libc_nano.a(libc_a-mprec.o)
                0x000000000800e8c4                __mcmp
 .text.__mdiff  0x000000000800e8fc      0x114 C:/ST/STM32CubeIDE_1.14.0/STM32CubeIDE/plugins/com.st.stm32cube.ide.mcu.externaltools.gnu-tools-for-stm32.11.3.rel1.win32_1.1.100.202309141235/tools/bin/../lib/gcc/arm-none-eabi/11.3.1/../../../../arm-none-eabi/lib/thumb/v7e-m+fp/hard\libc_nano.a(libc_a-mprec.o)
                0x000000000800e8fc                __mdiff
 .text.__d2b    0x000000000800ea10       0xb4 C:/ST/STM32CubeIDE_1.14.0/STM32CubeIDE/plugins/com.st.stm32cube.ide.mcu.externaltools.gnu-tools-for-stm32.11.3.rel1.win32_1.1.100.202309141235/tools/bin/../lib/gcc/arm-none-eabi/11.3.1/../../../../arm-none-eabi/lib/thumb/v7e-m+fp/hard\libc_nano.a(libc_a-mprec.o)
                0x000000000800ea10                __d2b
 .text.__ssputs_r
                0x000000000800eac4       0xb4 C:/ST/STM32CubeIDE_1.14.0/STM32CubeIDE/plugins/com.st.stm32cube.ide.mcu.externaltools.gnu-tools-for-stm32.11.3.rel1.win32_1.1.100.202309141235/tools/bin/../lib/gcc/arm-none-eabi/11.3.1/../../../../arm-none-eabi/lib/thumb/v7e-m+fp/hard\libc_nano.a(libc_a-nano-svfprintf.o)